[2024-08-13T14:46:04.008+0330][gc,heap] Heap region size: 1M
[2024-08-13T14:46:04.012+0330][gc     ] Using G1
[2024-08-13T14:46:04.012+0330][gc,heap,coops] Heap address: 0x00000000c0000000, size: 1024 MB, Compressed Oops mode: 32-bit
[2024-08-13T14:46:04.012+0330][gc,cds       ] Mark closed archive regions in map: [0x00000000fff00000, 0x00000000fff6bff8]
[2024-08-13T14:46:04.013+0330][gc,cds       ] Mark open archive regions in map: [0x00000000ffe00000, 0x00000000ffe47ff8]
[2024-08-13T14:46:05.226+0330][gc,start     ] GC(0) Pause Young (Normal) (G1 Evacuation Pause)
[2024-08-13T14:46:05.227+0330][gc,task      ] GC(0) Using 10 workers of 10 for evacuation
[2024-08-13T14:46:05.234+0330][gc,phases    ] GC(0)   Pre Evacuate Collection Set: 0.0ms
[2024-08-13T14:46:05.234+0330][gc,phases    ] GC(0)   Evacuate Collection Set: 6.5ms
[2024-08-13T14:46:05.234+0330][gc,phases    ] GC(0)   Post Evacuate Collection Set: 0.4ms
[2024-08-13T14:46:05.234+0330][gc,phases    ] GC(0)   Other: 1.1ms
[2024-08-13T14:46:05.235+0330][gc,heap      ] GC(0) Eden regions: 51->0(44)
[2024-08-13T14:46:05.235+0330][gc,heap      ] GC(0) Survivor regions: 0->7(7)
[2024-08-13T14:46:05.235+0330][gc,heap      ] GC(0) Old regions: 2->2
[2024-08-13T14:46:05.235+0330][gc,heap      ] GC(0) Humongous regions: 0->0
[2024-08-13T14:46:05.235+0330][gc,metaspace ] GC(0) Metaspace: 15644K(16256K)->15644K(16256K) NonClass: 13727K(14080K)->13727K(14080K) Class: 1917K(2176K)->1917K(2176K)
[2024-08-13T14:46:05.235+0330][gc           ] GC(0) Pause Young (Normal) (G1 Evacuation Pause) 51M->6M(1024M) 9.320ms
[2024-08-13T14:46:05.235+0330][gc,cpu       ] GC(0) User=0.04s Sys=0.02s Real=0.01s
[2024-08-13T14:46:05.598+0330][gc,start     ] GC(1) Pause Young (Concurrent Start) (Metadata GC Threshold)
[2024-08-13T14:46:05.598+0330][gc,task      ] GC(1) Using 10 workers of 10 for evacuation
[2024-08-13T14:46:05.604+0330][gc,phases    ] GC(1)   Pre Evacuate Collection Set: 0.0ms
[2024-08-13T14:46:05.604+0330][gc,phases    ] GC(1)   Evacuate Collection Set: 5.0ms
[2024-08-13T14:46:05.604+0330][gc,phases    ] GC(1)   Post Evacuate Collection Set: 0.6ms
[2024-08-13T14:46:05.604+0330][gc,phases    ] GC(1)   Other: 0.5ms
[2024-08-13T14:46:05.605+0330][gc,heap      ] GC(1) Eden regions: 20->0(49)
[2024-08-13T14:46:05.605+0330][gc,heap      ] GC(1) Survivor regions: 7->2(7)
[2024-08-13T14:46:05.605+0330][gc,heap      ] GC(1) Old regions: 2->9
[2024-08-13T14:46:05.605+0330][gc,heap      ] GC(1) Humongous regions: 0->0
[2024-08-13T14:46:05.605+0330][gc,metaspace ] GC(1) Metaspace: 20491K(21248K)->20491K(21248K) NonClass: 18033K(18432K)->18033K(18432K) Class: 2457K(2816K)->2457K(2816K)
[2024-08-13T14:46:05.606+0330][gc           ] GC(1) Pause Young (Concurrent Start) (Metadata GC Threshold) 26M->8M(1024M) 8.065ms
[2024-08-13T14:46:05.606+0330][gc,cpu       ] GC(1) User=0.01s Sys=0.02s Real=0.01s
[2024-08-13T14:46:05.606+0330][gc           ] GC(2) Concurrent Cycle
[2024-08-13T14:46:05.606+0330][gc,marking   ] GC(2) Concurrent Clear Claimed Marks
[2024-08-13T14:46:05.606+0330][gc,marking   ] GC(2) Concurrent Clear Claimed Marks 0.343ms
[2024-08-13T14:46:05.607+0330][gc,marking   ] GC(2) Concurrent Scan Root Regions
[2024-08-13T14:46:05.608+0330][gc,marking   ] GC(2) Concurrent Scan Root Regions 1.243ms
[2024-08-13T14:46:05.608+0330][gc,marking   ] GC(2) Concurrent Mark (1.636s)
[2024-08-13T14:46:05.608+0330][gc,marking   ] GC(2) Concurrent Mark From Roots
[2024-08-13T14:46:05.608+0330][gc,task      ] GC(2) Using 3 workers of 3 for marking
[2024-08-13T14:46:05.611+0330][gc,marking   ] GC(2) Concurrent Mark From Roots 2.449ms
[2024-08-13T14:46:05.611+0330][gc,marking   ] GC(2) Concurrent Preclean
[2024-08-13T14:46:05.611+0330][gc,marking   ] GC(2) Concurrent Preclean 0.172ms
[2024-08-13T14:46:05.611+0330][gc,marking   ] GC(2) Concurrent Mark (1.636s, 1.639s) 3.103ms
[2024-08-13T14:46:05.611+0330][gc,start     ] GC(2) Pause Remark
[2024-08-13T14:46:05.613+0330][gc,stringtable] GC(2) Cleaned string and symbol table, strings: 5413 processed, 0 removed, symbols: 51422 processed, 40 removed
[2024-08-13T14:46:05.613+0330][gc            ] GC(2) Pause Remark 8M->8M(1024M) 1.671ms
[2024-08-13T14:46:05.613+0330][gc,cpu        ] GC(2) User=0.01s Sys=0.00s Real=0.00s
[2024-08-13T14:46:05.613+0330][gc,marking    ] GC(2) Concurrent Rebuild Remembered Sets
[2024-08-13T14:46:05.615+0330][gc,marking    ] GC(2) Concurrent Rebuild Remembered Sets 1.480ms
[2024-08-13T14:46:05.615+0330][gc,start      ] GC(2) Pause Cleanup
[2024-08-13T14:46:05.616+0330][gc            ] GC(2) Pause Cleanup 8M->8M(1024M) 0.255ms
[2024-08-13T14:46:05.616+0330][gc,cpu        ] GC(2) User=0.00s Sys=0.00s Real=0.00s
[2024-08-13T14:46:05.616+0330][gc,marking    ] GC(2) Concurrent Cleanup for Next Mark
[2024-08-13T14:46:05.617+0330][gc,marking    ] GC(2) Concurrent Cleanup for Next Mark 1.510ms
[2024-08-13T14:46:05.618+0330][gc            ] GC(2) Concurrent Cycle 11.612ms
[2024-08-13T14:46:06.535+0330][gc,start      ] GC(3) Pause Young (Normal) (G1 Evacuation Pause)
[2024-08-13T14:46:06.535+0330][gc,task       ] GC(3) Using 10 workers of 10 for evacuation
[2024-08-13T14:46:06.539+0330][gc,phases     ] GC(3)   Pre Evacuate Collection Set: 0.0ms
[2024-08-13T14:46:06.539+0330][gc,phases     ] GC(3)   Evacuate Collection Set: 2.5ms
[2024-08-13T14:46:06.539+0330][gc,phases     ] GC(3)   Post Evacuate Collection Set: 1.1ms
[2024-08-13T14:46:06.539+0330][gc,phases     ] GC(3)   Other: 0.4ms
[2024-08-13T14:46:06.539+0330][gc,heap       ] GC(3) Eden regions: 49->0(46)
[2024-08-13T14:46:06.539+0330][gc,heap       ] GC(3) Survivor regions: 2->5(7)
[2024-08-13T14:46:06.540+0330][gc,heap       ] GC(3) Old regions: 9->9
[2024-08-13T14:46:06.540+0330][gc,heap       ] GC(3) Humongous regions: 129->129
[2024-08-13T14:46:06.540+0330][gc,metaspace  ] GC(3) Metaspace: 28384K(29568K)->28384K(29568K) NonClass: 25171K(25856K)->25171K(25856K) Class: 3212K(3712K)->3212K(3712K)
[2024-08-13T14:46:06.540+0330][gc            ] GC(3) Pause Young (Normal) (G1 Evacuation Pause) 186M->140M(1024M) 5.170ms
[2024-08-13T14:46:06.540+0330][gc,cpu        ] GC(3) User=0.03s Sys=0.00s Real=0.01s
[2024-08-13T14:46:06.948+0330][gc,start      ] GC(4) Pause Young (Concurrent Start) (Metadata GC Threshold)
[2024-08-13T14:46:06.948+0330][gc,task       ] GC(4) Using 10 workers of 10 for evacuation
[2024-08-13T14:46:06.953+0330][gc,phases     ] GC(4)   Pre Evacuate Collection Set: 0.1ms
[2024-08-13T14:46:06.953+0330][gc,phases     ] GC(4)   Evacuate Collection Set: 3.6ms
[2024-08-13T14:46:06.953+0330][gc,phases     ] GC(4)   Post Evacuate Collection Set: 0.5ms
[2024-08-13T14:46:06.954+0330][gc,phases     ] GC(4)   Other: 0.5ms
[2024-08-13T14:46:06.954+0330][gc,heap       ] GC(4) Eden regions: 29->0(45)
[2024-08-13T14:46:06.954+0330][gc,heap       ] GC(4) Survivor regions: 5->6(7)
[2024-08-13T14:46:06.954+0330][gc,heap       ] GC(4) Old regions: 9->9
[2024-08-13T14:46:06.954+0330][gc,heap       ] GC(4) Humongous regions: 129->129
[2024-08-13T14:46:06.954+0330][gc,metaspace  ] GC(4) Metaspace: 34511K(35840K)->34511K(35840K) NonClass: 30595K(31360K)->30595K(31360K) Class: 3915K(4480K)->3915K(4480K)
[2024-08-13T14:46:06.955+0330][gc            ] GC(4) Pause Young (Concurrent Start) (Metadata GC Threshold) 168M->142M(1024M) 6.403ms
[2024-08-13T14:46:06.955+0330][gc,cpu        ] GC(4) User=0.02s Sys=0.00s Real=0.00s
[2024-08-13T14:46:06.955+0330][gc            ] GC(5) Concurrent Cycle
[2024-08-13T14:46:06.955+0330][gc,marking    ] GC(5) Concurrent Clear Claimed Marks
[2024-08-13T14:46:06.955+0330][gc,marking    ] GC(5) Concurrent Clear Claimed Marks 0.354ms
[2024-08-13T14:46:06.956+0330][gc,marking    ] GC(5) Concurrent Scan Root Regions
[2024-08-13T14:46:06.957+0330][gc,marking    ] GC(5) Concurrent Scan Root Regions 1.615ms
[2024-08-13T14:46:06.957+0330][gc,marking    ] GC(5) Concurrent Mark (2.986s)
[2024-08-13T14:46:06.958+0330][gc,marking    ] GC(5) Concurrent Mark From Roots
[2024-08-13T14:46:06.958+0330][gc,task       ] GC(5) Using 3 workers of 3 for marking
[2024-08-13T14:46:06.963+0330][gc,marking    ] GC(5) Concurrent Mark From Roots 5.056ms
[2024-08-13T14:46:06.963+0330][gc,marking    ] GC(5) Concurrent Preclean
[2024-08-13T14:46:06.963+0330][gc,marking    ] GC(5) Concurrent Preclean 0.349ms
[2024-08-13T14:46:06.963+0330][gc,marking    ] GC(5) Concurrent Mark (2.986s, 2.992s) 6.104ms
[2024-08-13T14:46:06.964+0330][gc,start      ] GC(5) Pause Remark
[2024-08-13T14:46:06.966+0330][gc,stringtable] GC(5) Cleaned string and symbol table, strings: 11120 processed, 10 removed, symbols: 81671 processed, 18 removed
[2024-08-13T14:46:06.966+0330][gc            ] GC(5) Pause Remark 143M->143M(1024M) 2.230ms
[2024-08-13T14:46:06.966+0330][gc,cpu        ] GC(5) User=0.02s Sys=0.00s Real=0.00s
[2024-08-13T14:46:06.967+0330][gc,marking    ] GC(5) Concurrent Rebuild Remembered Sets
[2024-08-13T14:46:06.969+0330][gc,marking    ] GC(5) Concurrent Rebuild Remembered Sets 1.979ms
[2024-08-13T14:46:06.969+0330][gc,start      ] GC(5) Pause Cleanup
[2024-08-13T14:46:06.970+0330][gc            ] GC(5) Pause Cleanup 143M->143M(1024M) 0.260ms
[2024-08-13T14:46:06.970+0330][gc,cpu        ] GC(5) User=0.00s Sys=0.00s Real=0.00s
[2024-08-13T14:46:06.970+0330][gc,marking    ] GC(5) Concurrent Cleanup for Next Mark
[2024-08-13T14:46:06.974+0330][gc,marking    ] GC(5) Concurrent Cleanup for Next Mark 4.452ms
[2024-08-13T14:46:06.975+0330][gc            ] GC(5) Concurrent Cycle 20.017ms
[2024-08-13T14:51:37.949+0330][gc,start      ] GC(6) Pause Young (Normal) (G1 Evacuation Pause)
[2024-08-13T14:51:37.949+0330][gc,task       ] GC(6) Using 10 workers of 10 for evacuation
[2024-08-13T14:51:37.956+0330][gc,phases     ] GC(6)   Pre Evacuate Collection Set: 0.6ms
[2024-08-13T14:51:37.957+0330][gc,phases     ] GC(6)   Evacuate Collection Set: 4.9ms
[2024-08-13T14:51:37.957+0330][gc,phases     ] GC(6)   Post Evacuate Collection Set: 1.2ms
[2024-08-13T14:51:37.958+0330][gc,phases     ] GC(6)   Other: 0.6ms
[2024-08-13T14:51:37.958+0330][gc,heap       ] GC(6) Eden regions: 45->0(45)
[2024-08-13T14:51:37.958+0330][gc,heap       ] GC(6) Survivor regions: 6->6(7)
[2024-08-13T14:51:37.958+0330][gc,heap       ] GC(6) Old regions: 9->13
[2024-08-13T14:51:37.958+0330][gc,heap       ] GC(6) Humongous regions: 273->129
[2024-08-13T14:51:37.959+0330][gc,metaspace  ] GC(6) Metaspace: 39055K(41088K)->39055K(41088K) NonClass: 34438K(35584K)->34438K(35584K) Class: 4616K(5504K)->4616K(5504K)
[2024-08-13T14:51:37.959+0330][gc            ] GC(6) Pause Young (Normal) (G1 Evacuation Pause) 331M->144M(1024M) 10.004ms
[2024-08-13T14:51:37.959+0330][gc,cpu        ] GC(6) User=0.05s Sys=0.00s Real=0.01s
[2024-08-13T14:51:41.598+0330][gc,heap,exit  ] Heap
[2024-08-13T14:51:41.598+0330][gc,heap,exit  ]  garbage-first heap   total 1048576K, used 155611K [0x00000000c0000000, 0x0000000100000000)
[2024-08-13T14:51:41.598+0330][gc,heap,exit  ]   region size 1024K, 14 young (14336K), 6 survivors (6144K)
[2024-08-13T14:51:41.598+0330][gc,heap,exit  ]  Metaspace       used 39505K, capacity 41472K, committed 41600K, reserved 1085440K
[2024-08-13T14:51:41.598+0330][gc,heap,exit  ]   class space    used 4728K, capacity 5668K, committed 5760K, reserved 1048576K
