[2024-08-13T15:01:40.840+0330][gc,heap] Heap region size: 1M
[2024-08-13T15:01:40.845+0330][gc     ] Using G1
[2024-08-13T15:01:40.845+0330][gc,heap,coops] Heap address: 0x00000000c0000000, size: 1024 MB, Compressed Oops mode: 32-bit
[2024-08-13T15:01:40.845+0330][gc,cds       ] Mark closed archive regions in map: [0x00000000fff00000, 0x00000000fff6bff8]
[2024-08-13T15:01:40.845+0330][gc,cds       ] Mark open archive regions in map: [0x00000000ffe00000, 0x00000000ffe47ff8]
[2024-08-13T15:01:42.117+0330][gc,start     ] GC(0) Pause Young (Normal) (G1 Evacuation Pause)
[2024-08-13T15:01:42.118+0330][gc,task      ] GC(0) Using 10 workers of 10 for evacuation
[2024-08-13T15:01:42.123+0330][gc,phases    ] GC(0)   Pre Evacuate Collection Set: 0.0ms
[2024-08-13T15:01:42.123+0330][gc,phases    ] GC(0)   Evacuate Collection Set: 4.1ms
[2024-08-13T15:01:42.123+0330][gc,phases    ] GC(0)   Post Evacuate Collection Set: 0.4ms
[2024-08-13T15:01:42.124+0330][gc,phases    ] GC(0)   Other: 1.2ms
[2024-08-13T15:01:42.124+0330][gc,heap      ] GC(0) Eden regions: 51->0(44)
[2024-08-13T15:01:42.124+0330][gc,heap      ] GC(0) Survivor regions: 0->7(7)
[2024-08-13T15:01:42.124+0330][gc,heap      ] GC(0) Old regions: 2->2
[2024-08-13T15:01:42.124+0330][gc,heap      ] GC(0) Humongous regions: 0->0
[2024-08-13T15:01:42.124+0330][gc,metaspace ] GC(0) Metaspace: 15631K(16256K)->15631K(16256K) NonClass: 13712K(14080K)->13712K(14080K) Class: 1918K(2176K)->1918K(2176K)
[2024-08-13T15:01:42.124+0330][gc           ] GC(0) Pause Young (Normal) (G1 Evacuation Pause) 51M->7M(1024M) 6.880ms
[2024-08-13T15:01:42.124+0330][gc,cpu       ] GC(0) User=0.04s Sys=0.00s Real=0.00s
[2024-08-13T15:01:42.482+0330][gc,start     ] GC(1) Pause Young (Concurrent Start) (Metadata GC Threshold)
[2024-08-13T15:01:42.482+0330][gc,task      ] GC(1) Using 10 workers of 10 for evacuation
[2024-08-13T15:01:42.489+0330][gc,phases    ] GC(1)   Pre Evacuate Collection Set: 0.1ms
[2024-08-13T15:01:42.490+0330][gc,phases    ] GC(1)   Evacuate Collection Set: 5.8ms
[2024-08-13T15:01:42.490+0330][gc,phases    ] GC(1)   Post Evacuate Collection Set: 0.7ms
[2024-08-13T15:01:42.490+0330][gc,phases    ] GC(1)   Other: 0.9ms
[2024-08-13T15:01:42.490+0330][gc,heap      ] GC(1) Eden regions: 21->0(49)
[2024-08-13T15:01:42.490+0330][gc,heap      ] GC(1) Survivor regions: 7->2(7)
[2024-08-13T15:01:42.490+0330][gc,heap      ] GC(1) Old regions: 2->9
[2024-08-13T15:01:42.491+0330][gc,heap      ] GC(1) Humongous regions: 0->0
[2024-08-13T15:01:42.491+0330][gc,metaspace ] GC(1) Metaspace: 20538K(21248K)->20538K(21248K) NonClass: 18063K(18432K)->18063K(18432K) Class: 2475K(2816K)->2475K(2816K)
[2024-08-13T15:01:42.491+0330][gc           ] GC(1) Pause Young (Concurrent Start) (Metadata GC Threshold) 27M->7M(1024M) 9.032ms
[2024-08-13T15:01:42.491+0330][gc,cpu       ] GC(1) User=0.04s Sys=0.01s Real=0.01s
[2024-08-13T15:01:42.491+0330][gc           ] GC(2) Concurrent Cycle
[2024-08-13T15:01:42.491+0330][gc,marking   ] GC(2) Concurrent Clear Claimed Marks
[2024-08-13T15:01:42.492+0330][gc,marking   ] GC(2) Concurrent Clear Claimed Marks 0.212ms
[2024-08-13T15:01:42.492+0330][gc,marking   ] GC(2) Concurrent Scan Root Regions
[2024-08-13T15:01:42.493+0330][gc,marking   ] GC(2) Concurrent Scan Root Regions 1.014ms
[2024-08-13T15:01:42.493+0330][gc,marking   ] GC(2) Concurrent Mark (1.696s)
[2024-08-13T15:01:42.493+0330][gc,marking   ] GC(2) Concurrent Mark From Roots
[2024-08-13T15:01:42.493+0330][gc,task      ] GC(2) Using 3 workers of 3 for marking
[2024-08-13T15:01:42.496+0330][gc,marking   ] GC(2) Concurrent Mark From Roots 2.725ms
[2024-08-13T15:01:42.496+0330][gc,marking   ] GC(2) Concurrent Preclean
[2024-08-13T15:01:42.496+0330][gc,marking   ] GC(2) Concurrent Preclean 0.167ms
[2024-08-13T15:01:42.496+0330][gc,marking   ] GC(2) Concurrent Mark (1.696s, 1.699s) 3.373ms
[2024-08-13T15:01:42.497+0330][gc,start     ] GC(2) Pause Remark
[2024-08-13T15:01:42.499+0330][gc,stringtable] GC(2) Cleaned string and symbol table, strings: 5439 processed, 0 removed, symbols: 51541 processed, 46 removed
[2024-08-13T15:01:42.499+0330][gc            ] GC(2) Pause Remark 8M->8M(1024M) 2.497ms
[2024-08-13T15:01:42.499+0330][gc,cpu        ] GC(2) User=0.01s Sys=0.00s Real=0.00s
[2024-08-13T15:01:42.500+0330][gc,marking    ] GC(2) Concurrent Rebuild Remembered Sets
[2024-08-13T15:01:42.501+0330][gc,marking    ] GC(2) Concurrent Rebuild Remembered Sets 1.554ms
[2024-08-13T15:01:42.502+0330][gc,start      ] GC(2) Pause Cleanup
[2024-08-13T15:01:42.502+0330][gc            ] GC(2) Pause Cleanup 8M->8M(1024M) 0.257ms
[2024-08-13T15:01:42.502+0330][gc,cpu        ] GC(2) User=0.00s Sys=0.00s Real=0.00s
[2024-08-13T15:01:42.502+0330][gc,marking    ] GC(2) Concurrent Cleanup for Next Mark
[2024-08-13T15:01:42.504+0330][gc,marking    ] GC(2) Concurrent Cleanup for Next Mark 1.704ms
[2024-08-13T15:01:42.504+0330][gc            ] GC(2) Concurrent Cycle 12.965ms
[2024-08-13T15:01:43.381+0330][gc,start      ] GC(3) Pause Young (Normal) (G1 Evacuation Pause)
[2024-08-13T15:01:43.382+0330][gc,task       ] GC(3) Using 10 workers of 10 for evacuation
[2024-08-13T15:01:43.384+0330][gc,phases     ] GC(3)   Pre Evacuate Collection Set: 0.0ms
[2024-08-13T15:01:43.384+0330][gc,phases     ] GC(3)   Evacuate Collection Set: 1.4ms
[2024-08-13T15:01:43.384+0330][gc,phases     ] GC(3)   Post Evacuate Collection Set: 0.3ms
[2024-08-13T15:01:43.384+0330][gc,phases     ] GC(3)   Other: 0.5ms
[2024-08-13T15:01:43.384+0330][gc,heap       ] GC(3) Eden regions: 49->0(46)
[2024-08-13T15:01:43.384+0330][gc,heap       ] GC(3) Survivor regions: 2->5(7)
[2024-08-13T15:01:43.384+0330][gc,heap       ] GC(3) Old regions: 9->9
[2024-08-13T15:01:43.384+0330][gc,heap       ] GC(3) Humongous regions: 129->129
[2024-08-13T15:01:43.385+0330][gc,metaspace  ] GC(3) Metaspace: 28487K(29568K)->28487K(29568K) NonClass: 25247K(25856K)->25247K(25856K) Class: 3239K(3712K)->3239K(3712K)
[2024-08-13T15:01:43.385+0330][gc            ] GC(3) Pause Young (Normal) (G1 Evacuation Pause) 185M->140M(1024M) 3.305ms
[2024-08-13T15:01:43.385+0330][gc,cpu        ] GC(3) User=0.01s Sys=0.00s Real=0.00s
[2024-08-13T15:01:43.736+0330][gc,start      ] GC(4) Pause Young (Concurrent Start) (Metadata GC Threshold)
[2024-08-13T15:01:43.737+0330][gc,task       ] GC(4) Using 10 workers of 10 for evacuation
[2024-08-13T15:01:43.741+0330][gc,phases     ] GC(4)   Pre Evacuate Collection Set: 0.1ms
[2024-08-13T15:01:43.742+0330][gc,phases     ] GC(4)   Evacuate Collection Set: 3.9ms
[2024-08-13T15:01:43.742+0330][gc,phases     ] GC(4)   Post Evacuate Collection Set: 0.4ms
[2024-08-13T15:01:43.742+0330][gc,phases     ] GC(4)   Other: 0.6ms
[2024-08-13T15:01:43.742+0330][gc,heap       ] GC(4) Eden regions: 28->0(45)
[2024-08-13T15:01:43.743+0330][gc,heap       ] GC(4) Survivor regions: 5->6(7)
[2024-08-13T15:01:43.743+0330][gc,heap       ] GC(4) Old regions: 9->9
[2024-08-13T15:01:43.743+0330][gc,heap       ] GC(4) Humongous regions: 129->129
[2024-08-13T15:01:43.743+0330][gc,metaspace  ] GC(4) Metaspace: 34512K(35840K)->34512K(35840K) NonClass: 30593K(31360K)->30593K(31360K) Class: 3919K(4480K)->3919K(4480K)
[2024-08-13T15:01:43.743+0330][gc            ] GC(4) Pause Young (Concurrent Start) (Metadata GC Threshold) 168M->142M(1024M) 6.970ms
[2024-08-13T15:01:43.743+0330][gc,cpu        ] GC(4) User=0.02s Sys=0.01s Real=0.00s
[2024-08-13T15:01:43.744+0330][gc            ] GC(5) Concurrent Cycle
[2024-08-13T15:01:43.744+0330][gc,marking    ] GC(5) Concurrent Clear Claimed Marks
[2024-08-13T15:01:43.744+0330][gc,marking    ] GC(5) Concurrent Clear Claimed Marks 0.220ms
[2024-08-13T15:01:43.744+0330][gc,marking    ] GC(5) Concurrent Scan Root Regions
[2024-08-13T15:01:43.746+0330][gc,marking    ] GC(5) Concurrent Scan Root Regions 1.853ms
[2024-08-13T15:01:43.747+0330][gc,marking    ] GC(5) Concurrent Mark (2.949s)
[2024-08-13T15:01:43.747+0330][gc,marking    ] GC(5) Concurrent Mark From Roots
[2024-08-13T15:01:43.747+0330][gc,task       ] GC(5) Using 3 workers of 3 for marking
[2024-08-13T15:01:43.751+0330][gc,marking    ] GC(5) Concurrent Mark From Roots 3.879ms
[2024-08-13T15:01:43.751+0330][gc,marking    ] GC(5) Concurrent Preclean
[2024-08-13T15:01:43.751+0330][gc,marking    ] GC(5) Concurrent Preclean 0.322ms
[2024-08-13T15:01:43.752+0330][gc,marking    ] GC(5) Concurrent Mark (2.949s, 2.954s) 4.952ms
[2024-08-13T15:01:43.752+0330][gc,start      ] GC(5) Pause Remark
[2024-08-13T15:01:43.754+0330][gc,stringtable] GC(5) Cleaned string and symbol table, strings: 11113 processed, 10 removed, symbols: 81629 processed, 15 removed
[2024-08-13T15:01:43.755+0330][gc            ] GC(5) Pause Remark 142M->142M(1024M) 2.256ms
[2024-08-13T15:01:43.755+0330][gc,cpu        ] GC(5) User=0.03s Sys=0.00s Real=0.00s
[2024-08-13T15:01:43.755+0330][gc,marking    ] GC(5) Concurrent Rebuild Remembered Sets
[2024-08-13T15:01:43.758+0330][gc,marking    ] GC(5) Concurrent Rebuild Remembered Sets 2.985ms
[2024-08-13T15:01:43.759+0330][gc,start      ] GC(5) Pause Cleanup
[2024-08-13T15:01:43.759+0330][gc            ] GC(5) Pause Cleanup 143M->143M(1024M) 0.543ms
[2024-08-13T15:01:43.759+0330][gc,cpu        ] GC(5) User=0.00s Sys=0.00s Real=0.00s
[2024-08-13T15:01:43.760+0330][gc,marking    ] GC(5) Concurrent Cleanup for Next Mark
[2024-08-13T15:01:43.765+0330][gc,marking    ] GC(5) Concurrent Cleanup for Next Mark 5.228ms
[2024-08-13T15:01:43.765+0330][gc            ] GC(5) Concurrent Cycle 21.597ms
[2024-08-13T15:06:10.479+0330][gc,heap,exit  ] Heap
[2024-08-13T15:06:10.479+0330][gc,heap,exit  ]  garbage-first heap   total 1048576K, used 339055K [0x00000000c0000000, 0x0000000100000000)
[2024-08-13T15:06:10.479+0330][gc,heap,exit  ]   region size 1024K, 47 young (48128K), 6 survivors (6144K)
[2024-08-13T15:06:10.479+0330][gc,heap,exit  ]  Metaspace       used 38414K, capacity 40258K, committed 40576K, reserved 1085440K
[2024-08-13T15:06:10.480+0330][gc,heap,exit  ]   class space    used 4535K, capacity 5383K, committed 5504K, reserved 1048576K
