[2024-08-13T15:19:09.125+0330][gc,heap] Heap region size: 1M
[2024-08-13T15:19:09.130+0330][gc     ] Using G1
[2024-08-13T15:19:09.130+0330][gc,heap,coops] Heap address: 0x00000000c0000000, size: 1024 MB, Compressed Oops mode: 32-bit
[2024-08-13T15:19:09.130+0330][gc,cds       ] Mark closed archive regions in map: [0x00000000fff00000, 0x00000000fff6bff8]
[2024-08-13T15:19:09.130+0330][gc,cds       ] Mark open archive regions in map: [0x00000000ffe00000, 0x00000000ffe47ff8]
[2024-08-13T15:19:10.500+0330][gc,start     ] GC(0) Pause Young (Normal) (G1 Evacuation Pause)
[2024-08-13T15:19:10.501+0330][gc,task      ] GC(0) Using 10 workers of 10 for evacuation
[2024-08-13T15:19:10.512+0330][gc,phases    ] GC(0)   Pre Evacuate Collection Set: 0.0ms
[2024-08-13T15:19:10.513+0330][gc,phases    ] GC(0)   Evacuate Collection Set: 10.6ms
[2024-08-13T15:19:10.513+0330][gc,phases    ] GC(0)   Post Evacuate Collection Set: 0.8ms
[2024-08-13T15:19:10.514+0330][gc,phases    ] GC(0)   Other: 1.3ms
[2024-08-13T15:19:10.514+0330][gc,heap      ] GC(0) Eden regions: 51->0(44)
[2024-08-13T15:19:10.514+0330][gc,heap      ] GC(0) Survivor regions: 0->7(7)
[2024-08-13T15:19:10.515+0330][gc,heap      ] GC(0) Old regions: 2->2
[2024-08-13T15:19:10.515+0330][gc,heap      ] GC(0) Humongous regions: 0->0
[2024-08-13T15:19:10.515+0330][gc,metaspace ] GC(0) Metaspace: 15656K(16256K)->15656K(16256K) NonClass: 13739K(14080K)->13739K(14080K) Class: 1917K(2176K)->1917K(2176K)
[2024-08-13T15:19:10.515+0330][gc           ] GC(0) Pause Young (Normal) (G1 Evacuation Pause) 51M->7M(1024M) 15.662ms
[2024-08-13T15:19:10.515+0330][gc,cpu       ] GC(0) User=0.06s Sys=0.04s Real=0.01s
[2024-08-13T15:19:10.875+0330][gc,start     ] GC(1) Pause Young (Concurrent Start) (Metadata GC Threshold)
[2024-08-13T15:19:10.876+0330][gc,task      ] GC(1) Using 10 workers of 10 for evacuation
[2024-08-13T15:19:10.883+0330][gc,phases    ] GC(1)   Pre Evacuate Collection Set: 0.1ms
[2024-08-13T15:19:10.883+0330][gc,phases    ] GC(1)   Evacuate Collection Set: 6.5ms
[2024-08-13T15:19:10.883+0330][gc,phases    ] GC(1)   Post Evacuate Collection Set: 0.4ms
[2024-08-13T15:19:10.884+0330][gc,phases    ] GC(1)   Other: 0.5ms
[2024-08-13T15:19:10.884+0330][gc,heap      ] GC(1) Eden regions: 20->0(49)
[2024-08-13T15:19:10.884+0330][gc,heap      ] GC(1) Survivor regions: 7->2(7)
[2024-08-13T15:19:10.884+0330][gc,heap      ] GC(1) Old regions: 2->9
[2024-08-13T15:19:10.884+0330][gc,heap      ] GC(1) Humongous regions: 0->0
[2024-08-13T15:19:10.884+0330][gc,metaspace ] GC(1) Metaspace: 20501K(21248K)->20501K(21248K) NonClass: 18044K(18432K)->18044K(18432K) Class: 2457K(2816K)->2457K(2816K)
[2024-08-13T15:19:10.885+0330][gc           ] GC(1) Pause Young (Concurrent Start) (Metadata GC Threshold) 26M->8M(1024M) 9.141ms
[2024-08-13T15:19:10.885+0330][gc,cpu       ] GC(1) User=0.05s Sys=0.00s Real=0.01s
[2024-08-13T15:19:10.885+0330][gc           ] GC(2) Concurrent Cycle
[2024-08-13T15:19:10.885+0330][gc,marking   ] GC(2) Concurrent Clear Claimed Marks
[2024-08-13T15:19:10.885+0330][gc,marking   ] GC(2) Concurrent Clear Claimed Marks 0.327ms
[2024-08-13T15:19:10.886+0330][gc,marking   ] GC(2) Concurrent Scan Root Regions
[2024-08-13T15:19:10.887+0330][gc,marking   ] GC(2) Concurrent Scan Root Regions 1.093ms
[2024-08-13T15:19:10.887+0330][gc,marking   ] GC(2) Concurrent Mark (1.806s)
[2024-08-13T15:19:10.887+0330][gc,marking   ] GC(2) Concurrent Mark From Roots
[2024-08-13T15:19:10.887+0330][gc,task      ] GC(2) Using 3 workers of 3 for marking
[2024-08-13T15:19:10.890+0330][gc,marking   ] GC(2) Concurrent Mark From Roots 3.107ms
[2024-08-13T15:19:10.891+0330][gc,marking   ] GC(2) Concurrent Preclean
[2024-08-13T15:19:10.891+0330][gc,marking   ] GC(2) Concurrent Preclean 0.368ms
[2024-08-13T15:19:10.891+0330][gc,marking   ] GC(2) Concurrent Mark (1.806s, 1.810s) 4.130ms
[2024-08-13T15:19:10.892+0330][gc,start     ] GC(2) Pause Remark
[2024-08-13T15:19:10.894+0330][gc,stringtable] GC(2) Cleaned string and symbol table, strings: 5415 processed, 0 removed, symbols: 51424 processed, 40 removed
[2024-08-13T15:19:10.894+0330][gc            ] GC(2) Pause Remark 8M->8M(1024M) 2.269ms
[2024-08-13T15:19:10.894+0330][gc,cpu        ] GC(2) User=0.01s Sys=0.00s Real=0.00s
[2024-08-13T15:19:10.894+0330][gc,marking    ] GC(2) Concurrent Rebuild Remembered Sets
[2024-08-13T15:19:10.896+0330][gc,marking    ] GC(2) Concurrent Rebuild Remembered Sets 1.393ms
[2024-08-13T15:19:10.896+0330][gc,start      ] GC(2) Pause Cleanup
[2024-08-13T15:19:10.896+0330][gc            ] GC(2) Pause Cleanup 8M->8M(1024M) 0.288ms
[2024-08-13T15:19:10.897+0330][gc,cpu        ] GC(2) User=0.00s Sys=0.00s Real=0.00s
[2024-08-13T15:19:10.897+0330][gc,marking    ] GC(2) Concurrent Cleanup for Next Mark
[2024-08-13T15:19:10.899+0330][gc,marking    ] GC(2) Concurrent Cleanup for Next Mark 2.011ms
[2024-08-13T15:19:10.899+0330][gc            ] GC(2) Concurrent Cycle 14.110ms
[2024-08-13T15:19:11.955+0330][gc,start      ] GC(3) Pause Young (Normal) (G1 Evacuation Pause)
[2024-08-13T15:19:11.955+0330][gc,task       ] GC(3) Using 10 workers of 10 for evacuation
[2024-08-13T15:19:11.958+0330][gc,phases     ] GC(3)   Pre Evacuate Collection Set: 0.0ms
[2024-08-13T15:19:11.959+0330][gc,phases     ] GC(3)   Evacuate Collection Set: 1.3ms
[2024-08-13T15:19:11.959+0330][gc,phases     ] GC(3)   Post Evacuate Collection Set: 0.8ms
[2024-08-13T15:19:11.959+0330][gc,phases     ] GC(3)   Other: 1.2ms
[2024-08-13T15:19:11.959+0330][gc,heap       ] GC(3) Eden regions: 49->0(46)
[2024-08-13T15:19:11.960+0330][gc,heap       ] GC(3) Survivor regions: 2->5(7)
[2024-08-13T15:19:11.960+0330][gc,heap       ] GC(3) Old regions: 9->9
[2024-08-13T15:19:11.960+0330][gc,heap       ] GC(3) Humongous regions: 129->129
[2024-08-13T15:19:11.960+0330][gc,metaspace  ] GC(3) Metaspace: 28396K(29568K)->28396K(29568K) NonClass: 25183K(25856K)->25183K(25856K) Class: 3212K(3712K)->3212K(3712K)
[2024-08-13T15:19:11.961+0330][gc            ] GC(3) Pause Young (Normal) (G1 Evacuation Pause) 186M->140M(1024M) 5.721ms
[2024-08-13T15:19:11.961+0330][gc,cpu        ] GC(3) User=0.02s Sys=0.01s Real=0.01s
[2024-08-13T15:19:12.414+0330][gc,start      ] GC(4) Pause Young (Concurrent Start) (Metadata GC Threshold)
[2024-08-13T15:19:12.415+0330][gc,task       ] GC(4) Using 10 workers of 10 for evacuation
[2024-08-13T15:19:12.422+0330][gc,phases     ] GC(4)   Pre Evacuate Collection Set: 0.1ms
[2024-08-13T15:19:12.423+0330][gc,phases     ] GC(4)   Evacuate Collection Set: 6.5ms
[2024-08-13T15:19:12.423+0330][gc,phases     ] GC(4)   Post Evacuate Collection Set: 0.6ms
[2024-08-13T15:19:12.423+0330][gc,phases     ] GC(4)   Other: 0.6ms
[2024-08-13T15:19:12.423+0330][gc,heap       ] GC(4) Eden regions: 28->0(45)
[2024-08-13T15:19:12.423+0330][gc,heap       ] GC(4) Survivor regions: 5->6(7)
[2024-08-13T15:19:12.424+0330][gc,heap       ] GC(4) Old regions: 9->9
[2024-08-13T15:19:12.424+0330][gc,heap       ] GC(4) Humongous regions: 129->129
[2024-08-13T15:19:12.424+0330][gc,metaspace  ] GC(4) Metaspace: 34525K(35840K)->34525K(35840K) NonClass: 30609K(31360K)->30609K(31360K) Class: 3916K(4480K)->3916K(4480K)
[2024-08-13T15:19:12.424+0330][gc            ] GC(4) Pause Young (Concurrent Start) (Metadata GC Threshold) 167M->142M(1024M) 9.797ms
[2024-08-13T15:19:12.424+0330][gc,cpu        ] GC(4) User=0.05s Sys=0.00s Real=0.01s
[2024-08-13T15:19:12.425+0330][gc            ] GC(5) Concurrent Cycle
[2024-08-13T15:19:12.425+0330][gc,marking    ] GC(5) Concurrent Clear Claimed Marks
[2024-08-13T15:19:12.425+0330][gc,marking    ] GC(5) Concurrent Clear Claimed Marks 0.409ms
[2024-08-13T15:19:12.425+0330][gc,marking    ] GC(5) Concurrent Scan Root Regions
[2024-08-13T15:19:12.427+0330][gc,marking    ] GC(5) Concurrent Scan Root Regions 1.661ms
[2024-08-13T15:19:12.427+0330][gc,marking    ] GC(5) Concurrent Mark (3.347s)
[2024-08-13T15:19:12.428+0330][gc,marking    ] GC(5) Concurrent Mark From Roots
[2024-08-13T15:19:12.428+0330][gc,task       ] GC(5) Using 3 workers of 3 for marking
[2024-08-13T15:19:12.431+0330][gc,marking    ] GC(5) Concurrent Mark From Roots 3.761ms
[2024-08-13T15:19:12.432+0330][gc,marking    ] GC(5) Concurrent Preclean
[2024-08-13T15:19:12.432+0330][gc,marking    ] GC(5) Concurrent Preclean 0.359ms
[2024-08-13T15:19:12.432+0330][gc,marking    ] GC(5) Concurrent Mark (3.347s, 3.352s) 4.941ms
[2024-08-13T15:19:12.433+0330][gc,start      ] GC(5) Pause Remark
[2024-08-13T15:19:12.435+0330][gc,stringtable] GC(5) Cleaned string and symbol table, strings: 11099 processed, 11 removed, symbols: 81653 processed, 18 removed
[2024-08-13T15:19:12.435+0330][gc            ] GC(5) Pause Remark 142M->142M(1024M) 2.508ms
[2024-08-13T15:19:12.436+0330][gc,cpu        ] GC(5) User=0.01s Sys=0.00s Real=0.00s
[2024-08-13T15:19:12.436+0330][gc,marking    ] GC(5) Concurrent Rebuild Remembered Sets
[2024-08-13T15:19:12.438+0330][gc,marking    ] GC(5) Concurrent Rebuild Remembered Sets 2.666ms
[2024-08-13T15:19:12.439+0330][gc,start      ] GC(5) Pause Cleanup
[2024-08-13T15:19:12.440+0330][gc            ] GC(5) Pause Cleanup 142M->142M(1024M) 0.545ms
[2024-08-13T15:19:12.440+0330][gc,cpu        ] GC(5) User=0.00s Sys=0.00s Real=0.00s
[2024-08-13T15:19:12.440+0330][gc,marking    ] GC(5) Concurrent Cleanup for Next Mark
[2024-08-13T15:19:12.444+0330][gc,marking    ] GC(5) Concurrent Cleanup for Next Mark 4.093ms
[2024-08-13T15:19:12.445+0330][gc            ] GC(5) Concurrent Cycle 19.923ms
[2024-08-13T15:26:41.295+0330][gc,start      ] GC(6) Pause Young (Normal) (G1 Evacuation Pause)
[2024-08-13T15:26:41.295+0330][gc,task       ] GC(6) Using 10 workers of 10 for evacuation
[2024-08-13T15:26:41.303+0330][gc,phases     ] GC(6)   Pre Evacuate Collection Set: 0.4ms
[2024-08-13T15:26:41.303+0330][gc,phases     ] GC(6)   Evacuate Collection Set: 5.2ms
[2024-08-13T15:26:41.303+0330][gc,phases     ] GC(6)   Post Evacuate Collection Set: 1.3ms
[2024-08-13T15:26:41.304+0330][gc,phases     ] GC(6)   Other: 0.5ms
[2024-08-13T15:26:41.304+0330][gc,heap       ] GC(6) Eden regions: 45->0(45)
[2024-08-13T15:26:41.304+0330][gc,heap       ] GC(6) Survivor regions: 6->6(7)
[2024-08-13T15:26:41.304+0330][gc,heap       ] GC(6) Old regions: 9->13
[2024-08-13T15:26:41.304+0330][gc,heap       ] GC(6) Humongous regions: 279->129
[2024-08-13T15:26:41.304+0330][gc,metaspace  ] GC(6) Metaspace: 38393K(40448K)->38393K(40448K) NonClass: 33930K(35072K)->33930K(35072K) Class: 4463K(5376K)->4463K(5376K)
[2024-08-13T15:26:41.305+0330][gc            ] GC(6) Pause Young (Normal) (G1 Evacuation Pause) 337M->145M(1024M) 9.222ms
[2024-08-13T15:26:41.305+0330][gc,cpu        ] GC(6) User=0.00s Sys=0.06s Real=0.01s
[2024-08-13T15:38:06.091+0330][gc,start      ] GC(7) Pause Young (Normal) (G1 Evacuation Pause)
[2024-08-13T15:38:06.092+0330][gc,task       ] GC(7) Using 10 workers of 10 for evacuation
[2024-08-13T15:38:06.096+0330][gc,phases     ] GC(7)   Pre Evacuate Collection Set: 0.5ms
[2024-08-13T15:38:06.097+0330][gc,phases     ] GC(7)   Evacuate Collection Set: 3.0ms
[2024-08-13T15:38:06.097+0330][gc,phases     ] GC(7)   Post Evacuate Collection Set: 0.8ms
[2024-08-13T15:38:06.097+0330][gc,phases     ] GC(7)   Other: 0.6ms
[2024-08-13T15:38:06.097+0330][gc,heap       ] GC(7) Eden regions: 45->0(47)
[2024-08-13T15:38:06.097+0330][gc,heap       ] GC(7) Survivor regions: 6->4(7)
[2024-08-13T15:38:06.097+0330][gc,heap       ] GC(7) Old regions: 13->15
[2024-08-13T15:38:06.098+0330][gc,heap       ] GC(7) Humongous regions: 129->129
[2024-08-13T15:38:06.098+0330][gc,metaspace  ] GC(7) Metaspace: 39719K(41856K)->39719K(41856K) NonClass: 34974K(36096K)->34974K(36096K) Class: 4745K(5760K)->4745K(5760K)
[2024-08-13T15:38:06.098+0330][gc            ] GC(7) Pause Young (Normal) (G1 Evacuation Pause) 190M->145M(1024M) 6.385ms
[2024-08-13T15:38:06.098+0330][gc,cpu        ] GC(7) User=0.03s Sys=0.01s Real=0.00s
[2024-08-13T15:38:06.108+0330][gc,heap,exit  ] Heap
[2024-08-13T15:38:06.108+0330][gc,heap,exit  ]  garbage-first heap   total 1048576K, used 149813K [0x00000000c0000000, 0x0000000100000000)
[2024-08-13T15:38:06.108+0330][gc,heap,exit  ]   region size 1024K, 6 young (6144K), 4 survivors (4096K)
[2024-08-13T15:38:06.108+0330][gc,heap,exit  ]  Metaspace       used 39742K, capacity 41764K, committed 41856K, reserved 1085440K
[2024-08-13T15:38:06.108+0330][gc,heap,exit  ]   class space    used 4752K, capacity 5704K, committed 5760K, reserved 1048576K
