[2024-08-13T15:44:21.689+0330][gc,heap] Heap region size: 1M
[2024-08-13T15:44:21.694+0330][gc     ] Using G1
[2024-08-13T15:44:21.694+0330][gc,heap,coops] Heap address: 0x00000000c0000000, size: 1024 MB, Compressed Oops mode: 32-bit
[2024-08-13T15:44:21.695+0330][gc,cds       ] Mark closed archive regions in map: [0x00000000fff00000, 0x00000000fff6bff8]
[2024-08-13T15:44:21.695+0330][gc,cds       ] Mark open archive regions in map: [0x00000000ffe00000, 0x00000000ffe47ff8]
[2024-08-13T15:44:22.998+0330][gc,start     ] GC(0) Pause Young (Normal) (G1 Evacuation Pause)
[2024-08-13T15:44:22.999+0330][gc,task      ] GC(0) Using 10 workers of 10 for evacuation
[2024-08-13T15:44:23.004+0330][gc,phases    ] GC(0)   Pre Evacuate Collection Set: 0.0ms
[2024-08-13T15:44:23.005+0330][gc,phases    ] GC(0)   Evacuate Collection Set: 4.6ms
[2024-08-13T15:44:23.005+0330][gc,phases    ] GC(0)   Post Evacuate Collection Set: 0.5ms
[2024-08-13T15:44:23.005+0330][gc,phases    ] GC(0)   Other: 1.6ms
[2024-08-13T15:44:23.005+0330][gc,heap      ] GC(0) Eden regions: 51->0(44)
[2024-08-13T15:44:23.005+0330][gc,heap      ] GC(0) Survivor regions: 0->7(7)
[2024-08-13T15:44:23.005+0330][gc,heap      ] GC(0) Old regions: 2->2
[2024-08-13T15:44:23.005+0330][gc,heap      ] GC(0) Humongous regions: 0->0
[2024-08-13T15:44:23.005+0330][gc,metaspace ] GC(0) Metaspace: 15632K(16256K)->15632K(16256K) NonClass: 13715K(14080K)->13715K(14080K) Class: 1917K(2176K)->1917K(2176K)
[2024-08-13T15:44:23.005+0330][gc           ] GC(0) Pause Young (Normal) (G1 Evacuation Pause) 51M->6M(1024M) 7.825ms
[2024-08-13T15:44:23.006+0330][gc,cpu       ] GC(0) User=0.03s Sys=0.01s Real=0.01s
[2024-08-13T15:44:23.362+0330][gc,start     ] GC(1) Pause Young (Concurrent Start) (Metadata GC Threshold)
[2024-08-13T15:44:23.362+0330][gc,task      ] GC(1) Using 10 workers of 10 for evacuation
[2024-08-13T15:44:23.369+0330][gc,phases    ] GC(1)   Pre Evacuate Collection Set: 0.0ms
[2024-08-13T15:44:23.370+0330][gc,phases    ] GC(1)   Evacuate Collection Set: 6.6ms
[2024-08-13T15:44:23.370+0330][gc,phases    ] GC(1)   Post Evacuate Collection Set: 0.5ms
[2024-08-13T15:44:23.370+0330][gc,phases    ] GC(1)   Other: 0.5ms
[2024-08-13T15:44:23.371+0330][gc,heap      ] GC(1) Eden regions: 21->0(49)
[2024-08-13T15:44:23.371+0330][gc,heap      ] GC(1) Survivor regions: 7->2(7)
[2024-08-13T15:44:23.371+0330][gc,heap      ] GC(1) Old regions: 2->9
[2024-08-13T15:44:23.371+0330][gc,heap      ] GC(1) Humongous regions: 0->0
[2024-08-13T15:44:23.371+0330][gc,metaspace ] GC(1) Metaspace: 20554K(21248K)->20554K(21248K) NonClass: 18081K(18432K)->18081K(18432K) Class: 2472K(2816K)->2472K(2816K)
[2024-08-13T15:44:23.372+0330][gc           ] GC(1) Pause Young (Concurrent Start) (Metadata GC Threshold) 27M->7M(1024M) 9.936ms
[2024-08-13T15:44:23.372+0330][gc,cpu       ] GC(1) User=0.04s Sys=0.00s Real=0.01s
[2024-08-13T15:44:23.372+0330][gc           ] GC(2) Concurrent Cycle
[2024-08-13T15:44:23.372+0330][gc,marking   ] GC(2) Concurrent Clear Claimed Marks
[2024-08-13T15:44:23.373+0330][gc,marking   ] GC(2) Concurrent Clear Claimed Marks 0.302ms
[2024-08-13T15:44:23.373+0330][gc,marking   ] GC(2) Concurrent Scan Root Regions
[2024-08-13T15:44:23.374+0330][gc,marking   ] GC(2) Concurrent Scan Root Regions 0.979ms
[2024-08-13T15:44:23.374+0330][gc,marking   ] GC(2) Concurrent Mark (1.718s)
[2024-08-13T15:44:23.374+0330][gc,marking   ] GC(2) Concurrent Mark From Roots
[2024-08-13T15:44:23.374+0330][gc,task      ] GC(2) Using 3 workers of 3 for marking
[2024-08-13T15:44:23.377+0330][gc,marking   ] GC(2) Concurrent Mark From Roots 2.832ms
[2024-08-13T15:44:23.377+0330][gc,marking   ] GC(2) Concurrent Preclean
[2024-08-13T15:44:23.377+0330][gc,marking   ] GC(2) Concurrent Preclean 0.242ms
[2024-08-13T15:44:23.377+0330][gc,marking   ] GC(2) Concurrent Mark (1.718s, 1.722s) 3.608ms
[2024-08-13T15:44:23.378+0330][gc,start     ] GC(2) Pause Remark
[2024-08-13T15:44:23.379+0330][gc,stringtable] GC(2) Cleaned string and symbol table, strings: 5443 processed, 0 removed, symbols: 51540 processed, 45 removed
[2024-08-13T15:44:23.379+0330][gc            ] GC(2) Pause Remark 8M->8M(1024M) 1.641ms
[2024-08-13T15:44:23.380+0330][gc,cpu        ] GC(2) User=0.00s Sys=0.01s Real=0.01s
[2024-08-13T15:44:23.380+0330][gc,marking    ] GC(2) Concurrent Rebuild Remembered Sets
[2024-08-13T15:44:23.381+0330][gc,marking    ] GC(2) Concurrent Rebuild Remembered Sets 1.388ms
[2024-08-13T15:44:23.382+0330][gc,start      ] GC(2) Pause Cleanup
[2024-08-13T15:44:23.382+0330][gc            ] GC(2) Pause Cleanup 8M->8M(1024M) 0.249ms
[2024-08-13T15:44:23.382+0330][gc,cpu        ] GC(2) User=0.00s Sys=0.00s Real=0.00s
[2024-08-13T15:44:23.382+0330][gc,marking    ] GC(2) Concurrent Cleanup for Next Mark
[2024-08-13T15:44:23.384+0330][gc,marking    ] GC(2) Concurrent Cleanup for Next Mark 1.989ms
[2024-08-13T15:44:23.385+0330][gc            ] GC(2) Concurrent Cycle 12.632ms
[2024-08-13T15:44:24.279+0330][gc,start      ] GC(3) Pause Young (Normal) (G1 Evacuation Pause)
[2024-08-13T15:44:24.280+0330][gc,task       ] GC(3) Using 10 workers of 10 for evacuation
[2024-08-13T15:44:24.281+0330][gc,phases     ] GC(3)   Pre Evacuate Collection Set: 0.0ms
[2024-08-13T15:44:24.282+0330][gc,phases     ] GC(3)   Evacuate Collection Set: 1.2ms
[2024-08-13T15:44:24.282+0330][gc,phases     ] GC(3)   Post Evacuate Collection Set: 0.3ms
[2024-08-13T15:44:24.282+0330][gc,phases     ] GC(3)   Other: 0.4ms
[2024-08-13T15:44:24.282+0330][gc,heap       ] GC(3) Eden regions: 49->0(46)
[2024-08-13T15:44:24.282+0330][gc,heap       ] GC(3) Survivor regions: 2->5(7)
[2024-08-13T15:44:24.282+0330][gc,heap       ] GC(3) Old regions: 9->9
[2024-08-13T15:44:24.282+0330][gc,heap       ] GC(3) Humongous regions: 129->129
[2024-08-13T15:44:24.282+0330][gc,metaspace  ] GC(3) Metaspace: 28449K(29568K)->28449K(29568K) NonClass: 25222K(25856K)->25222K(25856K) Class: 3227K(3712K)->3227K(3712K)
[2024-08-13T15:44:24.283+0330][gc            ] GC(3) Pause Young (Normal) (G1 Evacuation Pause) 185M->140M(1024M) 3.106ms
[2024-08-13T15:44:24.283+0330][gc,cpu        ] GC(3) User=0.01s Sys=0.00s Real=0.00s
[2024-08-13T15:44:24.669+0330][gc,start      ] GC(4) Pause Young (Concurrent Start) (Metadata GC Threshold)
[2024-08-13T15:44:24.669+0330][gc,task       ] GC(4) Using 10 workers of 10 for evacuation
[2024-08-13T15:44:24.672+0330][gc,phases     ] GC(4)   Pre Evacuate Collection Set: 0.1ms
[2024-08-13T15:44:24.672+0330][gc,phases     ] GC(4)   Evacuate Collection Set: 2.2ms
[2024-08-13T15:44:24.672+0330][gc,phases     ] GC(4)   Post Evacuate Collection Set: 0.5ms
[2024-08-13T15:44:24.673+0330][gc,phases     ] GC(4)   Other: 0.5ms
[2024-08-13T15:44:24.673+0330][gc,heap       ] GC(4) Eden regions: 28->0(45)
[2024-08-13T15:44:24.673+0330][gc,heap       ] GC(4) Survivor regions: 5->6(7)
[2024-08-13T15:44:24.673+0330][gc,heap       ] GC(4) Old regions: 9->9
[2024-08-13T15:44:24.673+0330][gc,heap       ] GC(4) Humongous regions: 129->129
[2024-08-13T15:44:24.673+0330][gc,metaspace  ] GC(4) Metaspace: 34552K(35840K)->34552K(35840K) NonClass: 30634K(31360K)->30634K(31360K) Class: 3918K(4480K)->3918K(4480K)
[2024-08-13T15:44:24.673+0330][gc            ] GC(4) Pause Young (Concurrent Start) (Metadata GC Threshold) 167M->142M(1024M) 4.406ms
[2024-08-13T15:44:24.673+0330][gc,cpu        ] GC(4) User=0.03s Sys=0.00s Real=0.01s
[2024-08-13T15:44:24.673+0330][gc            ] GC(5) Concurrent Cycle
[2024-08-13T15:44:24.674+0330][gc,marking    ] GC(5) Concurrent Clear Claimed Marks
[2024-08-13T15:44:24.674+0330][gc,marking    ] GC(5) Concurrent Clear Claimed Marks 0.223ms
[2024-08-13T15:44:24.674+0330][gc,marking    ] GC(5) Concurrent Scan Root Regions
[2024-08-13T15:44:24.676+0330][gc,marking    ] GC(5) Concurrent Scan Root Regions 1.600ms
[2024-08-13T15:44:24.676+0330][gc,marking    ] GC(5) Concurrent Mark (3.020s)
[2024-08-13T15:44:24.676+0330][gc,marking    ] GC(5) Concurrent Mark From Roots
[2024-08-13T15:44:24.676+0330][gc,task       ] GC(5) Using 3 workers of 3 for marking
[2024-08-13T15:44:24.680+0330][gc,marking    ] GC(5) Concurrent Mark From Roots 4.483ms
[2024-08-13T15:44:24.681+0330][gc,marking    ] GC(5) Concurrent Preclean
[2024-08-13T15:44:24.681+0330][gc,marking    ] GC(5) Concurrent Preclean 0.231ms
[2024-08-13T15:44:24.681+0330][gc,marking    ] GC(5) Concurrent Mark (3.020s, 3.025s) 5.193ms
[2024-08-13T15:44:24.681+0330][gc,start      ] GC(5) Pause Remark
[2024-08-13T15:44:24.683+0330][gc,stringtable] GC(5) Cleaned string and symbol table, strings: 11121 processed, 10 removed, symbols: 81666 processed, 15 removed
[2024-08-13T15:44:24.684+0330][gc            ] GC(5) Pause Remark 143M->143M(1024M) 2.600ms
[2024-08-13T15:44:24.684+0330][gc,cpu        ] GC(5) User=0.01s Sys=0.00s Real=0.00s
[2024-08-13T15:44:24.684+0330][gc,marking    ] GC(5) Concurrent Rebuild Remembered Sets
[2024-08-13T15:44:24.686+0330][gc,marking    ] GC(5) Concurrent Rebuild Remembered Sets 1.858ms
[2024-08-13T15:44:24.687+0330][gc,start      ] GC(5) Pause Cleanup
[2024-08-13T15:44:24.687+0330][gc            ] GC(5) Pause Cleanup 143M->143M(1024M) 0.392ms
[2024-08-13T15:44:24.687+0330][gc,cpu        ] GC(5) User=0.01s Sys=0.00s Real=0.00s
[2024-08-13T15:44:24.687+0330][gc,marking    ] GC(5) Concurrent Cleanup for Next Mark
[2024-08-13T15:44:24.692+0330][gc,marking    ] GC(5) Concurrent Cleanup for Next Mark 4.416ms
[2024-08-13T15:44:24.692+0330][gc            ] GC(5) Concurrent Cycle 18.637ms
[2024-08-13T15:51:21.327+0330][gc,start      ] GC(6) Pause Young (Normal) (G1 Evacuation Pause)
[2024-08-13T15:51:21.328+0330][gc,task       ] GC(6) Using 10 workers of 10 for evacuation
[2024-08-13T15:51:21.341+0330][gc,phases     ] GC(6)   Pre Evacuate Collection Set: 0.4ms
[2024-08-13T15:51:21.341+0330][gc,phases     ] GC(6)   Evacuate Collection Set: 9.8ms
[2024-08-13T15:51:21.342+0330][gc,phases     ] GC(6)   Post Evacuate Collection Set: 2.0ms
[2024-08-13T15:51:21.342+0330][gc,phases     ] GC(6)   Other: 1.1ms
[2024-08-13T15:51:21.342+0330][gc,heap       ] GC(6) Eden regions: 45->0(45)
[2024-08-13T15:51:21.343+0330][gc,heap       ] GC(6) Survivor regions: 6->6(7)
[2024-08-13T15:51:21.343+0330][gc,heap       ] GC(6) Old regions: 9->13
[2024-08-13T15:51:21.343+0330][gc,heap       ] GC(6) Humongous regions: 285->129
[2024-08-13T15:51:21.343+0330][gc,metaspace  ] GC(6) Metaspace: 38726K(40832K)->38726K(40832K) NonClass: 34193K(35328K)->34193K(35328K) Class: 4532K(5504K)->4532K(5504K)
[2024-08-13T15:51:21.344+0330][gc            ] GC(6) Pause Young (Normal) (G1 Evacuation Pause) 343M->145M(1024M) 16.445ms
[2024-08-13T15:51:21.344+0330][gc,cpu        ] GC(6) User=0.02s Sys=0.09s Real=0.01s
[2024-08-13T16:05:23.931+0330][gc,start      ] GC(7) Pause Young (Normal) (G1 Evacuation Pause)
[2024-08-13T16:05:23.932+0330][gc,task       ] GC(7) Using 10 workers of 10 for evacuation
[2024-08-13T16:05:23.940+0330][gc,phases     ] GC(7)   Pre Evacuate Collection Set: 0.4ms
[2024-08-13T16:05:23.941+0330][gc,phases     ] GC(7)   Evacuate Collection Set: 4.2ms
[2024-08-13T16:05:23.942+0330][gc,phases     ] GC(7)   Post Evacuate Collection Set: 1.3ms
[2024-08-13T16:05:23.942+0330][gc,phases     ] GC(7)   Other: 2.6ms
[2024-08-13T16:05:23.943+0330][gc,heap       ] GC(7) Eden regions: 45->0(47)
[2024-08-13T16:05:23.944+0330][gc,heap       ] GC(7) Survivor regions: 6->4(7)
[2024-08-13T16:05:23.945+0330][gc,heap       ] GC(7) Old regions: 13->15
[2024-08-13T16:05:23.945+0330][gc,heap       ] GC(7) Humongous regions: 129->129
[2024-08-13T16:05:23.946+0330][gc,metaspace  ] GC(7) Metaspace: 38974K(41088K)->38974K(41088K) NonClass: 34416K(35584K)->34416K(35584K) Class: 4557K(5504K)->4557K(5504K)
[2024-08-13T16:05:23.946+0330][gc            ] GC(7) Pause Young (Normal) (G1 Evacuation Pause) 190M->145M(1024M) 14.727ms
[2024-08-13T16:05:23.946+0330][gc,cpu        ] GC(7) User=0.03s Sys=0.01s Real=0.02s
[2024-08-13T16:20:21.769+0330][gc,start      ] GC(8) Pause Young (Normal) (G1 Evacuation Pause)
[2024-08-13T16:20:21.770+0330][gc,task       ] GC(8) Using 10 workers of 10 for evacuation
[2024-08-13T16:20:21.773+0330][gc,phases     ] GC(8)   Pre Evacuate Collection Set: 0.2ms
[2024-08-13T16:20:21.774+0330][gc,phases     ] GC(8)   Evacuate Collection Set: 1.8ms
[2024-08-13T16:20:21.774+0330][gc,phases     ] GC(8)   Post Evacuate Collection Set: 1.4ms
[2024-08-13T16:20:21.774+0330][gc,phases     ] GC(8)   Other: 0.6ms
[2024-08-13T16:20:21.774+0330][gc,heap       ] GC(8) Eden regions: 47->0(47)
[2024-08-13T16:20:21.774+0330][gc,heap       ] GC(8) Survivor regions: 4->4(7)
[2024-08-13T16:20:21.774+0330][gc,heap       ] GC(8) Old regions: 15->15
[2024-08-13T16:20:21.774+0330][gc,heap       ] GC(8) Humongous regions: 129->129
[2024-08-13T16:20:21.775+0330][gc,metaspace  ] GC(8) Metaspace: 39105K(41088K)->39105K(41088K) NonClass: 34547K(35584K)->34547K(35584K) Class: 4557K(5504K)->4557K(5504K)
[2024-08-13T16:20:21.775+0330][gc            ] GC(8) Pause Young (Normal) (G1 Evacuation Pause) 192M->145M(1024M) 5.387ms
[2024-08-13T16:20:21.775+0330][gc,cpu        ] GC(8) User=0.02s Sys=0.00s Real=0.01s
[2024-08-13T16:35:59.742+0330][gc,start      ] GC(9) Pause Young (Normal) (G1 Evacuation Pause)
[2024-08-13T16:35:59.743+0330][gc,task       ] GC(9) Using 10 workers of 10 for evacuation
[2024-08-13T16:35:59.755+0330][gc,phases     ] GC(9)   Pre Evacuate Collection Set: 0.7ms
[2024-08-13T16:35:59.756+0330][gc,phases     ] GC(9)   Evacuate Collection Set: 5.2ms
[2024-08-13T16:35:59.756+0330][gc,phases     ] GC(9)   Post Evacuate Collection Set: 5.6ms
[2024-08-13T16:35:59.756+0330][gc,phases     ] GC(9)   Other: 1.8ms
[2024-08-13T16:35:59.757+0330][gc,heap       ] GC(9) Eden regions: 47->0(47)
[2024-08-13T16:35:59.757+0330][gc,heap       ] GC(9) Survivor regions: 4->4(7)
[2024-08-13T16:35:59.757+0330][gc,heap       ] GC(9) Old regions: 15->15
[2024-08-13T16:35:59.758+0330][gc,heap       ] GC(9) Humongous regions: 129->129
[2024-08-13T16:35:59.758+0330][gc,metaspace  ] GC(9) Metaspace: 39165K(41344K)->39165K(41344K) NonClass: 34607K(35840K)->34607K(35840K) Class: 4557K(5504K)->4557K(5504K)
[2024-08-13T16:35:59.758+0330][gc            ] GC(9) Pause Young (Normal) (G1 Evacuation Pause) 192M->145M(1024M) 16.724ms
[2024-08-13T16:35:59.759+0330][gc,cpu        ] GC(9) User=0.06s Sys=0.01s Real=0.02s
[2024-08-13T16:50:57.621+0330][gc,start      ] GC(10) Pause Young (Normal) (G1 Evacuation Pause)
[2024-08-13T16:50:57.621+0330][gc,task       ] GC(10) Using 10 workers of 10 for evacuation
[2024-08-13T16:50:57.627+0330][gc,phases     ] GC(10)   Pre Evacuate Collection Set: 0.5ms
[2024-08-13T16:50:57.628+0330][gc,phases     ] GC(10)   Evacuate Collection Set: 3.5ms
[2024-08-13T16:50:57.629+0330][gc,phases     ] GC(10)   Post Evacuate Collection Set: 0.9ms
[2024-08-13T16:50:57.629+0330][gc,phases     ] GC(10)   Other: 1.8ms
[2024-08-13T16:50:57.630+0330][gc,heap       ] GC(10) Eden regions: 47->0(55)
[2024-08-13T16:50:57.630+0330][gc,heap       ] GC(10) Survivor regions: 4->5(7)
[2024-08-13T16:50:57.630+0330][gc,heap       ] GC(10) Old regions: 15->15
[2024-08-13T16:50:57.630+0330][gc,heap       ] GC(10) Humongous regions: 129->129
[2024-08-13T16:50:57.631+0330][gc,metaspace  ] GC(10) Metaspace: 39236K(41344K)->39236K(41344K) NonClass: 34666K(35840K)->34666K(35840K) Class: 4570K(5504K)->4570K(5504K)
[2024-08-13T16:50:57.631+0330][gc            ] GC(10) Pause Young (Normal) (G1 Evacuation Pause) 192M->146M(1024M) 10.533ms
[2024-08-13T16:50:57.632+0330][gc,cpu        ] GC(10) User=0.03s Sys=0.01s Real=0.01s
[2024-08-13T17:00:41.354+0330][gc,heap,exit  ] Heap
[2024-08-13T17:00:41.354+0330][gc,heap,exit  ]  garbage-first heap   total 1048576K, used 187994K [0x00000000c0000000, 0x0000000100000000)
[2024-08-13T17:00:41.354+0330][gc,heap,exit  ]   region size 1024K, 43 young (44032K), 5 survivors (5120K)
[2024-08-13T17:00:41.354+0330][gc,heap,exit  ]  Metaspace       used 39858K, capacity 41871K, committed 42112K, reserved 1085440K
[2024-08-13T17:00:41.354+0330][gc,heap,exit  ]   class space    used 4727K, capacity 5669K, committed 5760K, reserved 1048576K
