[2024-08-13T15:09:34.605+0330][gc,heap] Heap region size: 1M
[2024-08-13T15:09:34.610+0330][gc     ] Using G1
[2024-08-13T15:09:34.610+0330][gc,heap,coops] Heap address: 0x00000000c0000000, size: 1024 MB, Compressed Oops mode: 32-bit
[2024-08-13T15:09:34.611+0330][gc,cds       ] Mark closed archive regions in map: [0x00000000fff00000, 0x00000000fff6bff8]
[2024-08-13T15:09:34.611+0330][gc,cds       ] Mark open archive regions in map: [0x00000000ffe00000, 0x00000000ffe47ff8]
[2024-08-13T15:09:35.872+0330][gc,start     ] GC(0) Pause Young (Normal) (G1 Evacuation Pause)
[2024-08-13T15:09:35.874+0330][gc,task      ] GC(0) Using 10 workers of 10 for evacuation
[2024-08-13T15:09:35.884+0330][gc,phases    ] GC(0)   Pre Evacuate Collection Set: 0.0ms
[2024-08-13T15:09:35.884+0330][gc,phases    ] GC(0)   Evacuate Collection Set: 9.3ms
[2024-08-13T15:09:35.884+0330][gc,phases    ] GC(0)   Post Evacuate Collection Set: 0.6ms
[2024-08-13T15:09:35.884+0330][gc,phases    ] GC(0)   Other: 1.5ms
[2024-08-13T15:09:35.885+0330][gc,heap      ] GC(0) Eden regions: 51->0(44)
[2024-08-13T15:09:35.885+0330][gc,heap      ] GC(0) Survivor regions: 0->7(7)
[2024-08-13T15:09:35.885+0330][gc,heap      ] GC(0) Old regions: 2->2
[2024-08-13T15:09:35.885+0330][gc,heap      ] GC(0) Humongous regions: 0->0
[2024-08-13T15:09:35.885+0330][gc,metaspace ] GC(0) Metaspace: 15641K(16256K)->15641K(16256K) NonClass: 13724K(14080K)->13724K(14080K) Class: 1917K(2176K)->1917K(2176K)
[2024-08-13T15:09:35.885+0330][gc           ] GC(0) Pause Young (Normal) (G1 Evacuation Pause) 51M->7M(1024M) 12.900ms
[2024-08-13T15:09:35.885+0330][gc,cpu       ] GC(0) User=0.05s Sys=0.03s Real=0.01s
[2024-08-13T15:09:36.247+0330][gc,start     ] GC(1) Pause Young (Concurrent Start) (Metadata GC Threshold)
[2024-08-13T15:09:36.247+0330][gc,task      ] GC(1) Using 10 workers of 10 for evacuation
[2024-08-13T15:09:36.255+0330][gc,phases    ] GC(1)   Pre Evacuate Collection Set: 0.0ms
[2024-08-13T15:09:36.256+0330][gc,phases    ] GC(1)   Evacuate Collection Set: 7.5ms
[2024-08-13T15:09:36.256+0330][gc,phases    ] GC(1)   Post Evacuate Collection Set: 0.6ms
[2024-08-13T15:09:36.256+0330][gc,phases    ] GC(1)   Other: 0.4ms
[2024-08-13T15:09:36.256+0330][gc,heap      ] GC(1) Eden regions: 20->0(49)
[2024-08-13T15:09:36.256+0330][gc,heap      ] GC(1) Survivor regions: 7->2(7)
[2024-08-13T15:09:36.256+0330][gc,heap      ] GC(1) Old regions: 2->9
[2024-08-13T15:09:36.256+0330][gc,heap      ] GC(1) Humongous regions: 0->0
[2024-08-13T15:09:36.257+0330][gc,metaspace ] GC(1) Metaspace: 20485K(21248K)->20485K(21248K) NonClass: 18027K(18432K)->18027K(18432K) Class: 2457K(2816K)->2457K(2816K)
[2024-08-13T15:09:36.257+0330][gc           ] GC(1) Pause Young (Concurrent Start) (Metadata GC Threshold) 26M->8M(1024M) 10.122ms
[2024-08-13T15:09:36.257+0330][gc,cpu       ] GC(1) User=0.04s Sys=0.02s Real=0.01s
[2024-08-13T15:09:36.257+0330][gc           ] GC(2) Concurrent Cycle
[2024-08-13T15:09:36.258+0330][gc,marking   ] GC(2) Concurrent Clear Claimed Marks
[2024-08-13T15:09:36.258+0330][gc,marking   ] GC(2) Concurrent Clear Claimed Marks 0.312ms
[2024-08-13T15:09:36.258+0330][gc,marking   ] GC(2) Concurrent Scan Root Regions
[2024-08-13T15:09:36.259+0330][gc,marking   ] GC(2) Concurrent Scan Root Regions 1.057ms
[2024-08-13T15:09:36.259+0330][gc,marking   ] GC(2) Concurrent Mark (1.688s)
[2024-08-13T15:09:36.260+0330][gc,marking   ] GC(2) Concurrent Mark From Roots
[2024-08-13T15:09:36.260+0330][gc,task      ] GC(2) Using 3 workers of 3 for marking
[2024-08-13T15:09:36.264+0330][gc,marking   ] GC(2) Concurrent Mark From Roots 3.981ms
[2024-08-13T15:09:36.264+0330][gc,marking   ] GC(2) Concurrent Preclean
[2024-08-13T15:09:36.264+0330][gc,marking   ] GC(2) Concurrent Preclean 0.242ms
[2024-08-13T15:09:36.264+0330][gc,marking   ] GC(2) Concurrent Mark (1.688s, 1.693s) 4.723ms
[2024-08-13T15:09:36.264+0330][gc,start     ] GC(2) Pause Remark
[2024-08-13T15:09:36.266+0330][gc,stringtable] GC(2) Cleaned string and symbol table, strings: 5414 processed, 0 removed, symbols: 51426 processed, 39 removed
[2024-08-13T15:09:36.266+0330][gc            ] GC(2) Pause Remark 8M->8M(1024M) 1.561ms
[2024-08-13T15:09:36.266+0330][gc,cpu        ] GC(2) User=0.00s Sys=0.00s Real=0.00s
[2024-08-13T15:09:36.267+0330][gc,marking    ] GC(2) Concurrent Rebuild Remembered Sets
[2024-08-13T15:09:36.268+0330][gc,marking    ] GC(2) Concurrent Rebuild Remembered Sets 1.812ms
[2024-08-13T15:09:36.269+0330][gc,start      ] GC(2) Pause Cleanup
[2024-08-13T15:09:36.269+0330][gc            ] GC(2) Pause Cleanup 8M->8M(1024M) 0.385ms
[2024-08-13T15:09:36.269+0330][gc,cpu        ] GC(2) User=0.00s Sys=0.00s Real=0.00s
[2024-08-13T15:09:36.269+0330][gc,marking    ] GC(2) Concurrent Cleanup for Next Mark
[2024-08-13T15:09:36.273+0330][gc,marking    ] GC(2) Concurrent Cleanup for Next Mark 3.257ms
[2024-08-13T15:09:36.273+0330][gc            ] GC(2) Concurrent Cycle 15.580ms
[2024-08-13T15:09:37.172+0330][gc,start      ] GC(3) Pause Young (Normal) (G1 Evacuation Pause)
[2024-08-13T15:09:37.172+0330][gc,task       ] GC(3) Using 10 workers of 10 for evacuation
[2024-08-13T15:09:37.175+0330][gc,phases     ] GC(3)   Pre Evacuate Collection Set: 0.0ms
[2024-08-13T15:09:37.176+0330][gc,phases     ] GC(3)   Evacuate Collection Set: 2.4ms
[2024-08-13T15:09:37.176+0330][gc,phases     ] GC(3)   Post Evacuate Collection Set: 0.3ms
[2024-08-13T15:09:37.176+0330][gc,phases     ] GC(3)   Other: 0.4ms
[2024-08-13T15:09:37.176+0330][gc,heap       ] GC(3) Eden regions: 49->0(46)
[2024-08-13T15:09:37.176+0330][gc,heap       ] GC(3) Survivor regions: 2->5(7)
[2024-08-13T15:09:37.176+0330][gc,heap       ] GC(3) Old regions: 9->9
[2024-08-13T15:09:37.176+0330][gc,heap       ] GC(3) Humongous regions: 129->129
[2024-08-13T15:09:37.176+0330][gc,metaspace  ] GC(3) Metaspace: 28406K(29568K)->28406K(29568K) NonClass: 25195K(25856K)->25195K(25856K) Class: 3211K(3712K)->3211K(3712K)
[2024-08-13T15:09:37.176+0330][gc            ] GC(3) Pause Young (Normal) (G1 Evacuation Pause) 186M->140M(1024M) 4.178ms
[2024-08-13T15:09:37.177+0330][gc,cpu        ] GC(3) User=0.03s Sys=0.00s Real=0.00s
[2024-08-13T15:09:37.550+0330][gc,start      ] GC(4) Pause Young (Concurrent Start) (Metadata GC Threshold)
[2024-08-13T15:09:37.550+0330][gc,task       ] GC(4) Using 10 workers of 10 for evacuation
[2024-08-13T15:09:37.553+0330][gc,phases     ] GC(4)   Pre Evacuate Collection Set: 0.2ms
[2024-08-13T15:09:37.553+0330][gc,phases     ] GC(4)   Evacuate Collection Set: 2.2ms
[2024-08-13T15:09:37.554+0330][gc,phases     ] GC(4)   Post Evacuate Collection Set: 0.4ms
[2024-08-13T15:09:37.554+0330][gc,phases     ] GC(4)   Other: 0.6ms
[2024-08-13T15:09:37.554+0330][gc,heap       ] GC(4) Eden regions: 30->0(45)
[2024-08-13T15:09:37.554+0330][gc,heap       ] GC(4) Survivor regions: 5->6(7)
[2024-08-13T15:09:37.554+0330][gc,heap       ] GC(4) Old regions: 9->9
[2024-08-13T15:09:37.554+0330][gc,heap       ] GC(4) Humongous regions: 129->129
[2024-08-13T15:09:37.555+0330][gc,metaspace  ] GC(4) Metaspace: 34565K(35840K)->34565K(35840K) NonClass: 30643K(31360K)->30643K(31360K) Class: 3921K(4480K)->3921K(4480K)
[2024-08-13T15:09:37.555+0330][gc            ] GC(4) Pause Young (Concurrent Start) (Metadata GC Threshold) 169M->142M(1024M) 4.944ms
[2024-08-13T15:09:37.555+0330][gc,cpu        ] GC(4) User=0.02s Sys=0.00s Real=0.00s
[2024-08-13T15:09:37.555+0330][gc            ] GC(5) Concurrent Cycle
[2024-08-13T15:09:37.555+0330][gc,marking    ] GC(5) Concurrent Clear Claimed Marks
[2024-08-13T15:09:37.555+0330][gc,marking    ] GC(5) Concurrent Clear Claimed Marks 0.260ms
[2024-08-13T15:09:37.555+0330][gc,marking    ] GC(5) Concurrent Scan Root Regions
[2024-08-13T15:09:37.557+0330][gc,marking    ] GC(5) Concurrent Scan Root Regions 1.095ms
[2024-08-13T15:09:37.557+0330][gc,marking    ] GC(5) Concurrent Mark (2.986s)
[2024-08-13T15:09:37.557+0330][gc,marking    ] GC(5) Concurrent Mark From Roots
[2024-08-13T15:09:37.557+0330][gc,task       ] GC(5) Using 3 workers of 3 for marking
[2024-08-13T15:09:37.562+0330][gc,marking    ] GC(5) Concurrent Mark From Roots 5.367ms
[2024-08-13T15:09:37.563+0330][gc,marking    ] GC(5) Concurrent Preclean
[2024-08-13T15:09:37.563+0330][gc,marking    ] GC(5) Concurrent Preclean 0.716ms
[2024-08-13T15:09:37.564+0330][gc,marking    ] GC(5) Concurrent Mark (2.986s, 2.992s) 6.825ms
[2024-08-13T15:09:37.564+0330][gc,start      ] GC(5) Pause Remark
[2024-08-13T15:09:37.566+0330][gc,stringtable] GC(5) Cleaned string and symbol table, strings: 11127 processed, 10 removed, symbols: 81665 processed, 18 removed
[2024-08-13T15:09:37.566+0330][gc            ] GC(5) Pause Remark 143M->143M(1024M) 1.898ms
[2024-08-13T15:09:37.566+0330][gc,cpu        ] GC(5) User=0.01s Sys=0.00s Real=0.00s
[2024-08-13T15:09:37.566+0330][gc,marking    ] GC(5) Concurrent Rebuild Remembered Sets
[2024-08-13T15:09:37.570+0330][gc,marking    ] GC(5) Concurrent Rebuild Remembered Sets 3.127ms
[2024-08-13T15:09:37.570+0330][gc,start      ] GC(5) Pause Cleanup
[2024-08-13T15:09:37.571+0330][gc            ] GC(5) Pause Cleanup 143M->143M(1024M) 0.533ms
[2024-08-13T15:09:37.571+0330][gc,cpu        ] GC(5) User=0.00s Sys=0.00s Real=0.00s
[2024-08-13T15:09:37.571+0330][gc,marking    ] GC(5) Concurrent Cleanup for Next Mark
[2024-08-13T15:09:37.579+0330][gc,marking    ] GC(5) Concurrent Cleanup for Next Mark 7.491ms
[2024-08-13T15:09:37.579+0330][gc            ] GC(5) Concurrent Cycle 23.976ms
[2024-08-13T15:13:17.255+0330][gc,heap,exit  ] Heap
[2024-08-13T15:13:17.256+0330][gc,heap,exit  ]  garbage-first heap   total 1048576K, used 341185K [0x00000000c0000000, 0x0000000100000000)
[2024-08-13T15:13:17.256+0330][gc,heap,exit  ]   region size 1024K, 49 young (50176K), 6 survivors (6144K)
[2024-08-13T15:13:17.256+0330][gc,heap,exit  ]  Metaspace       used 39221K, capacity 41149K, committed 41344K, reserved 1085440K
[2024-08-13T15:13:17.256+0330][gc,heap,exit  ]   class space    used 4712K, capacity 5640K, committed 5760K, reserved 1048576K
