[2024-08-13T14:55:22.018+0330][gc,heap] Heap region size: 1M
[2024-08-13T14:55:22.023+0330][gc     ] Using G1
[2024-08-13T14:55:22.023+0330][gc,heap,coops] Heap address: 0x00000000c0000000, size: 1024 MB, Compressed Oops mode: 32-bit
[2024-08-13T14:55:22.024+0330][gc,cds       ] Mark closed archive regions in map: [0x00000000fff00000, 0x00000000fff6bff8]
[2024-08-13T14:55:22.024+0330][gc,cds       ] Mark open archive regions in map: [0x00000000ffe00000, 0x00000000ffe47ff8]
[2024-08-13T14:55:23.184+0330][gc,start     ] GC(0) Pause Young (Normal) (G1 Evacuation Pause)
[2024-08-13T14:55:23.185+0330][gc,task      ] GC(0) Using 10 workers of 10 for evacuation
[2024-08-13T14:55:23.193+0330][gc,phases    ] GC(0)   Pre Evacuate Collection Set: 0.0ms
[2024-08-13T14:55:23.193+0330][gc,phases    ] GC(0)   Evacuate Collection Set: 7.4ms
[2024-08-13T14:55:23.194+0330][gc,phases    ] GC(0)   Post Evacuate Collection Set: 0.4ms
[2024-08-13T14:55:23.194+0330][gc,phases    ] GC(0)   Other: 1.1ms
[2024-08-13T14:55:23.194+0330][gc,heap      ] GC(0) Eden regions: 51->0(44)
[2024-08-13T14:55:23.194+0330][gc,heap      ] GC(0) Survivor regions: 0->7(7)
[2024-08-13T14:55:23.195+0330][gc,heap      ] GC(0) Old regions: 2->2
[2024-08-13T14:55:23.195+0330][gc,heap      ] GC(0) Humongous regions: 0->0
[2024-08-13T14:55:23.195+0330][gc,metaspace ] GC(0) Metaspace: 15640K(16256K)->15640K(16256K) NonClass: 13723K(14080K)->13723K(14080K) Class: 1917K(2176K)->1917K(2176K)
[2024-08-13T14:55:23.195+0330][gc           ] GC(0) Pause Young (Normal) (G1 Evacuation Pause) 51M->7M(1024M) 10.947ms
[2024-08-13T14:55:23.195+0330][gc,cpu       ] GC(0) User=0.06s Sys=0.01s Real=0.01s
[2024-08-13T14:55:23.538+0330][gc,start     ] GC(1) Pause Young (Concurrent Start) (Metadata GC Threshold)
[2024-08-13T14:55:23.538+0330][gc,task      ] GC(1) Using 10 workers of 10 for evacuation
[2024-08-13T14:55:23.547+0330][gc,phases    ] GC(1)   Pre Evacuate Collection Set: 0.0ms
[2024-08-13T14:55:23.547+0330][gc,phases    ] GC(1)   Evacuate Collection Set: 7.9ms
[2024-08-13T14:55:23.547+0330][gc,phases    ] GC(1)   Post Evacuate Collection Set: 0.3ms
[2024-08-13T14:55:23.548+0330][gc,phases    ] GC(1)   Other: 0.5ms
[2024-08-13T14:55:23.548+0330][gc,heap      ] GC(1) Eden regions: 20->0(49)
[2024-08-13T14:55:23.548+0330][gc,heap      ] GC(1) Survivor regions: 7->2(7)
[2024-08-13T14:55:23.549+0330][gc,heap      ] GC(1) Old regions: 2->9
[2024-08-13T14:55:23.549+0330][gc,heap      ] GC(1) Humongous regions: 0->0
[2024-08-13T14:55:23.549+0330][gc,metaspace ] GC(1) Metaspace: 20480K(21248K)->20480K(21248K) NonClass: 18022K(18432K)->18022K(18432K) Class: 2457K(2816K)->2457K(2816K)
[2024-08-13T14:55:23.549+0330][gc           ] GC(1) Pause Young (Concurrent Start) (Metadata GC Threshold) 26M->8M(1024M) 11.061ms
[2024-08-13T14:55:23.549+0330][gc,cpu       ] GC(1) User=0.04s Sys=0.00s Real=0.01s
[2024-08-13T14:55:23.549+0330][gc           ] GC(2) Concurrent Cycle
[2024-08-13T14:55:23.550+0330][gc,marking   ] GC(2) Concurrent Clear Claimed Marks
[2024-08-13T14:55:23.550+0330][gc,marking   ] GC(2) Concurrent Clear Claimed Marks 0.257ms
[2024-08-13T14:55:23.550+0330][gc,marking   ] GC(2) Concurrent Scan Root Regions
[2024-08-13T14:55:23.551+0330][gc,marking   ] GC(2) Concurrent Scan Root Regions 0.792ms
[2024-08-13T14:55:23.551+0330][gc,marking   ] GC(2) Concurrent Mark (1.569s)
[2024-08-13T14:55:23.551+0330][gc,marking   ] GC(2) Concurrent Mark From Roots
[2024-08-13T14:55:23.551+0330][gc,task      ] GC(2) Using 3 workers of 3 for marking
[2024-08-13T14:55:23.554+0330][gc,marking   ] GC(2) Concurrent Mark From Roots 2.885ms
[2024-08-13T14:55:23.554+0330][gc,marking   ] GC(2) Concurrent Preclean
[2024-08-13T14:55:23.554+0330][gc,marking   ] GC(2) Concurrent Preclean 0.151ms
[2024-08-13T14:55:23.554+0330][gc,marking   ] GC(2) Concurrent Mark (1.569s, 1.572s) 3.436ms
[2024-08-13T14:55:23.555+0330][gc,start     ] GC(2) Pause Remark
[2024-08-13T14:55:23.557+0330][gc,stringtable] GC(2) Cleaned string and symbol table, strings: 5414 processed, 0 removed, symbols: 51422 processed, 40 removed
[2024-08-13T14:55:23.558+0330][gc            ] GC(2) Pause Remark 8M->8M(1024M) 2.797ms
[2024-08-13T14:55:23.558+0330][gc,cpu        ] GC(2) User=0.01s Sys=0.00s Real=0.00s
[2024-08-13T14:55:23.558+0330][gc,marking    ] GC(2) Concurrent Rebuild Remembered Sets
[2024-08-13T14:55:23.559+0330][gc,marking    ] GC(2) Concurrent Rebuild Remembered Sets 1.434ms
[2024-08-13T14:55:23.560+0330][gc,start      ] GC(2) Pause Cleanup
[2024-08-13T14:55:23.560+0330][gc            ] GC(2) Pause Cleanup 8M->8M(1024M) 0.294ms
[2024-08-13T14:55:23.560+0330][gc,cpu        ] GC(2) User=0.01s Sys=0.00s Real=0.00s
[2024-08-13T14:55:23.560+0330][gc,marking    ] GC(2) Concurrent Cleanup for Next Mark
[2024-08-13T14:55:23.562+0330][gc,marking    ] GC(2) Concurrent Cleanup for Next Mark 1.499ms
[2024-08-13T14:55:23.562+0330][gc            ] GC(2) Concurrent Cycle 12.414ms
[2024-08-13T14:55:24.491+0330][gc,start      ] GC(3) Pause Young (Normal) (G1 Evacuation Pause)
[2024-08-13T14:55:24.491+0330][gc,task       ] GC(3) Using 10 workers of 10 for evacuation
[2024-08-13T14:55:24.494+0330][gc,phases     ] GC(3)   Pre Evacuate Collection Set: 0.0ms
[2024-08-13T14:55:24.494+0330][gc,phases     ] GC(3)   Evacuate Collection Set: 2.3ms
[2024-08-13T14:55:24.494+0330][gc,phases     ] GC(3)   Post Evacuate Collection Set: 0.3ms
[2024-08-13T14:55:24.494+0330][gc,phases     ] GC(3)   Other: 0.5ms
[2024-08-13T14:55:24.494+0330][gc,heap       ] GC(3) Eden regions: 49->0(46)
[2024-08-13T14:55:24.494+0330][gc,heap       ] GC(3) Survivor regions: 2->5(7)
[2024-08-13T14:55:24.495+0330][gc,heap       ] GC(3) Old regions: 9->9
[2024-08-13T14:55:24.495+0330][gc,heap       ] GC(3) Humongous regions: 129->129
[2024-08-13T14:55:24.495+0330][gc,metaspace  ] GC(3) Metaspace: 28396K(29568K)->28396K(29568K) NonClass: 25186K(25856K)->25186K(25856K) Class: 3210K(3712K)->3210K(3712K)
[2024-08-13T14:55:24.495+0330][gc            ] GC(3) Pause Young (Normal) (G1 Evacuation Pause) 186M->140M(1024M) 4.143ms
[2024-08-13T14:55:24.495+0330][gc,cpu        ] GC(3) User=0.03s Sys=0.00s Real=0.01s
[2024-08-13T14:55:24.880+0330][gc,start      ] GC(4) Pause Young (Concurrent Start) (Metadata GC Threshold)
[2024-08-13T14:55:24.880+0330][gc,task       ] GC(4) Using 10 workers of 10 for evacuation
[2024-08-13T14:55:24.883+0330][gc,phases     ] GC(4)   Pre Evacuate Collection Set: 0.1ms
[2024-08-13T14:55:24.884+0330][gc,phases     ] GC(4)   Evacuate Collection Set: 2.6ms
[2024-08-13T14:55:24.884+0330][gc,phases     ] GC(4)   Post Evacuate Collection Set: 0.6ms
[2024-08-13T14:55:24.884+0330][gc,phases     ] GC(4)   Other: 0.6ms
[2024-08-13T14:55:24.884+0330][gc,heap       ] GC(4) Eden regions: 29->0(45)
[2024-08-13T14:55:24.884+0330][gc,heap       ] GC(4) Survivor regions: 5->6(7)
[2024-08-13T14:55:24.884+0330][gc,heap       ] GC(4) Old regions: 9->9
[2024-08-13T14:55:24.885+0330][gc,heap       ] GC(4) Humongous regions: 129->129
[2024-08-13T14:55:24.885+0330][gc,metaspace  ] GC(4) Metaspace: 34508K(35840K)->34508K(35840K) NonClass: 30593K(31360K)->30593K(31360K) Class: 3915K(4480K)->3915K(4480K)
[2024-08-13T14:55:24.885+0330][gc            ] GC(4) Pause Young (Concurrent Start) (Metadata GC Threshold) 168M->142M(1024M) 5.176ms
[2024-08-13T14:55:24.885+0330][gc,cpu        ] GC(4) User=0.03s Sys=0.00s Real=0.01s
[2024-08-13T14:55:24.885+0330][gc            ] GC(5) Concurrent Cycle
[2024-08-13T14:55:24.885+0330][gc,marking    ] GC(5) Concurrent Clear Claimed Marks
[2024-08-13T14:55:24.886+0330][gc,marking    ] GC(5) Concurrent Clear Claimed Marks 0.360ms
[2024-08-13T14:55:24.886+0330][gc,marking    ] GC(5) Concurrent Scan Root Regions
[2024-08-13T14:55:24.887+0330][gc,marking    ] GC(5) Concurrent Scan Root Regions 1.284ms
[2024-08-13T14:55:24.887+0330][gc,marking    ] GC(5) Concurrent Mark (2.905s)
[2024-08-13T14:55:24.888+0330][gc,marking    ] GC(5) Concurrent Mark From Roots
[2024-08-13T14:55:24.888+0330][gc,task       ] GC(5) Using 3 workers of 3 for marking
[2024-08-13T14:55:24.892+0330][gc,marking    ] GC(5) Concurrent Mark From Roots 4.280ms
[2024-08-13T14:55:24.892+0330][gc,marking    ] GC(5) Concurrent Preclean
[2024-08-13T14:55:24.892+0330][gc,marking    ] GC(5) Concurrent Preclean 0.434ms
[2024-08-13T14:55:24.893+0330][gc,marking    ] GC(5) Concurrent Mark (2.905s, 2.910s) 5.252ms
[2024-08-13T14:55:24.893+0330][gc,start      ] GC(5) Pause Remark
[2024-08-13T14:55:24.895+0330][gc,stringtable] GC(5) Cleaned string and symbol table, strings: 11121 processed, 10 removed, symbols: 81659 processed, 18 removed
[2024-08-13T14:55:24.896+0330][gc            ] GC(5) Pause Remark 143M->143M(1024M) 2.602ms
[2024-08-13T14:55:24.896+0330][gc,cpu        ] GC(5) User=0.01s Sys=0.01s Real=0.01s
[2024-08-13T14:55:24.896+0330][gc,marking    ] GC(5) Concurrent Rebuild Remembered Sets
[2024-08-13T14:55:24.899+0330][gc,marking    ] GC(5) Concurrent Rebuild Remembered Sets 2.954ms
[2024-08-13T14:55:24.900+0330][gc,start      ] GC(5) Pause Cleanup
[2024-08-13T14:55:24.900+0330][gc            ] GC(5) Pause Cleanup 143M->143M(1024M) 0.435ms
[2024-08-13T14:55:24.900+0330][gc,cpu        ] GC(5) User=0.00s Sys=0.00s Real=0.00s
[2024-08-13T14:55:24.900+0330][gc,marking    ] GC(5) Concurrent Cleanup for Next Mark
[2024-08-13T14:55:24.905+0330][gc,marking    ] GC(5) Concurrent Cleanup for Next Mark 4.844ms
[2024-08-13T14:55:24.905+0330][gc            ] GC(5) Concurrent Cycle 20.335ms
[2024-08-13T15:01:35.210+0330][gc,start      ] GC(6) Pause Young (Normal) (G1 Evacuation Pause)
[2024-08-13T15:01:35.210+0330][gc,task       ] GC(6) Using 10 workers of 10 for evacuation
[2024-08-13T15:01:35.219+0330][gc,phases     ] GC(6)   Pre Evacuate Collection Set: 0.7ms
[2024-08-13T15:01:35.220+0330][gc,phases     ] GC(6)   Evacuate Collection Set: 6.1ms
[2024-08-13T15:01:35.220+0330][gc,phases     ] GC(6)   Post Evacuate Collection Set: 1.4ms
[2024-08-13T15:01:35.221+0330][gc,phases     ] GC(6)   Other: 0.9ms
[2024-08-13T15:01:35.222+0330][gc,heap       ] GC(6) Eden regions: 45->0(45)
[2024-08-13T15:01:35.222+0330][gc,heap       ] GC(6) Survivor regions: 6->6(7)
[2024-08-13T15:01:35.223+0330][gc,heap       ] GC(6) Old regions: 9->13
[2024-08-13T15:01:35.223+0330][gc,heap       ] GC(6) Humongous regions: 273->129
[2024-08-13T15:01:35.223+0330][gc,metaspace  ] GC(6) Metaspace: 38821K(40832K)->38821K(40832K) NonClass: 34262K(35328K)->34262K(35328K) Class: 4558K(5504K)->4558K(5504K)
[2024-08-13T15:01:35.223+0330][gc            ] GC(6) Pause Young (Normal) (G1 Evacuation Pause) 331M->145M(1024M) 13.398ms
[2024-08-13T15:01:35.224+0330][gc,cpu        ] GC(6) User=0.06s Sys=0.00s Real=0.01s
[2024-08-13T15:01:38.600+0330][gc,heap,exit  ] Heap
[2024-08-13T15:01:38.600+0330][gc,heap,exit  ]  garbage-first heap   total 1048576K, used 157871K [0x00000000c0000000, 0x0000000100000000)
[2024-08-13T15:01:38.601+0330][gc,heap,exit  ]   region size 1024K, 16 young (16384K), 6 survivors (6144K)
[2024-08-13T15:01:38.601+0330][gc,heap,exit  ]  Metaspace       used 39370K, capacity 41339K, committed 41472K, reserved 1085440K
[2024-08-13T15:01:38.601+0330][gc,heap,exit  ]   class space    used 4698K, capacity 5626K, committed 5632K, reserved 1048576K
