[2024-08-13T17:00:43.357+0330][gc,heap] Heap region size: 1M
[2024-08-13T17:00:43.361+0330][gc     ] Using G1
[2024-08-13T17:00:43.361+0330][gc,heap,coops] Heap address: 0x00000000c0000000, size: 1024 MB, Compressed Oops mode: 32-bit
[2024-08-13T17:00:43.361+0330][gc,cds       ] Mark closed archive regions in map: [0x00000000fff00000, 0x00000000fff6bff8]
[2024-08-13T17:00:43.361+0330][gc,cds       ] Mark open archive regions in map: [0x00000000ffe00000, 0x00000000ffe47ff8]
[2024-08-13T17:00:44.722+0330][gc,start     ] GC(0) Pause Young (Normal) (G1 Evacuation Pause)
[2024-08-13T17:00:44.723+0330][gc,task      ] GC(0) Using 10 workers of 10 for evacuation
[2024-08-13T17:00:44.738+0330][gc,phases    ] GC(0)   Pre Evacuate Collection Set: 0.0ms
[2024-08-13T17:00:44.738+0330][gc,phases    ] GC(0)   Evacuate Collection Set: 14.0ms
[2024-08-13T17:00:44.738+0330][gc,phases    ] GC(0)   Post Evacuate Collection Set: 0.5ms
[2024-08-13T17:00:44.738+0330][gc,phases    ] GC(0)   Other: 1.5ms
[2024-08-13T17:00:44.738+0330][gc,heap      ] GC(0) Eden regions: 51->0(44)
[2024-08-13T17:00:44.739+0330][gc,heap      ] GC(0) Survivor regions: 0->7(7)
[2024-08-13T17:00:44.739+0330][gc,heap      ] GC(0) Old regions: 2->2
[2024-08-13T17:00:44.739+0330][gc,heap      ] GC(0) Humongous regions: 0->0
[2024-08-13T17:00:44.739+0330][gc,metaspace ] GC(0) Metaspace: 15650K(16256K)->15650K(16256K) NonClass: 13733K(14080K)->13733K(14080K) Class: 1917K(2176K)->1917K(2176K)
[2024-08-13T17:00:44.739+0330][gc           ] GC(0) Pause Young (Normal) (G1 Evacuation Pause) 51M->7M(1024M) 17.575ms
[2024-08-13T17:00:44.739+0330][gc,cpu       ] GC(0) User=0.07s Sys=0.07s Real=0.02s
[2024-08-13T17:00:45.106+0330][gc,start     ] GC(1) Pause Young (Concurrent Start) (Metadata GC Threshold)
[2024-08-13T17:00:45.106+0330][gc,task      ] GC(1) Using 10 workers of 10 for evacuation
[2024-08-13T17:00:45.135+0330][gc,mmu       ] GC(1) MMU target violated: 21.0ms (20.0ms/21.0ms)
[2024-08-13T17:00:45.135+0330][gc,phases    ] GC(1)   Pre Evacuate Collection Set: 0.1ms
[2024-08-13T17:00:45.136+0330][gc,phases    ] GC(1)   Evacuate Collection Set: 27.2ms
[2024-08-13T17:00:45.136+0330][gc,phases    ] GC(1)   Post Evacuate Collection Set: 0.7ms
[2024-08-13T17:00:45.137+0330][gc,phases    ] GC(1)   Other: 1.7ms
[2024-08-13T17:00:45.137+0330][gc,heap      ] GC(1) Eden regions: 20->0(49)
[2024-08-13T17:00:45.137+0330][gc,heap      ] GC(1) Survivor regions: 7->2(7)
[2024-08-13T17:00:45.137+0330][gc,heap      ] GC(1) Old regions: 2->9
[2024-08-13T17:00:45.138+0330][gc,heap      ] GC(1) Humongous regions: 0->0
[2024-08-13T17:00:45.138+0330][gc,metaspace ] GC(1) Metaspace: 20490K(21248K)->20490K(21248K) NonClass: 18032K(18432K)->18032K(18432K) Class: 2457K(2816K)->2457K(2816K)
[2024-08-13T17:00:45.138+0330][gc           ] GC(1) Pause Young (Concurrent Start) (Metadata GC Threshold) 26M->8M(1024M) 32.397ms
[2024-08-13T17:00:45.138+0330][gc,cpu       ] GC(1) User=0.14s Sys=0.08s Real=0.03s
[2024-08-13T17:00:45.139+0330][gc           ] GC(2) Concurrent Cycle
[2024-08-13T17:00:45.139+0330][gc,marking   ] GC(2) Concurrent Clear Claimed Marks
[2024-08-13T17:00:45.140+0330][gc,marking   ] GC(2) Concurrent Clear Claimed Marks 0.502ms
[2024-08-13T17:00:45.140+0330][gc,marking   ] GC(2) Concurrent Scan Root Regions
[2024-08-13T17:00:45.141+0330][gc,marking   ] GC(2) Concurrent Scan Root Regions 1.101ms
[2024-08-13T17:00:45.141+0330][gc,marking   ] GC(2) Concurrent Mark (1.812s)
[2024-08-13T17:00:45.141+0330][gc,marking   ] GC(2) Concurrent Mark From Roots
[2024-08-13T17:00:45.142+0330][gc,task      ] GC(2) Using 3 workers of 3 for marking
[2024-08-13T17:00:45.144+0330][gc,marking   ] GC(2) Concurrent Mark From Roots 2.684ms
[2024-08-13T17:00:45.145+0330][gc,marking   ] GC(2) Concurrent Preclean
[2024-08-13T17:00:45.145+0330][gc,marking   ] GC(2) Concurrent Preclean 0.342ms
[2024-08-13T17:00:45.145+0330][gc,marking   ] GC(2) Concurrent Mark (1.812s, 1.816s) 3.867ms
[2024-08-13T17:00:45.146+0330][gc,start     ] GC(2) Pause Remark
[2024-08-13T17:00:45.147+0330][gc,stringtable] GC(2) Cleaned string and symbol table, strings: 5413 processed, 0 removed, symbols: 51414 processed, 40 removed
[2024-08-13T17:00:45.147+0330][gc            ] GC(2) Pause Remark 8M->8M(1024M) 1.703ms
[2024-08-13T17:00:45.147+0330][gc,cpu        ] GC(2) User=0.01s Sys=0.00s Real=0.00s
[2024-08-13T17:00:45.148+0330][gc,marking    ] GC(2) Concurrent Rebuild Remembered Sets
[2024-08-13T17:00:45.149+0330][gc,marking    ] GC(2) Concurrent Rebuild Remembered Sets 1.739ms
[2024-08-13T17:00:45.150+0330][gc,start      ] GC(2) Pause Cleanup
[2024-08-13T17:00:45.150+0330][gc            ] GC(2) Pause Cleanup 8M->8M(1024M) 0.328ms
[2024-08-13T17:00:45.150+0330][gc,cpu        ] GC(2) User=0.00s Sys=0.00s Real=0.00s
[2024-08-13T17:00:45.150+0330][gc,marking    ] GC(2) Concurrent Cleanup for Next Mark
[2024-08-13T17:00:45.156+0330][gc,marking    ] GC(2) Concurrent Cleanup for Next Mark 5.585ms
[2024-08-13T17:00:45.156+0330][gc            ] GC(2) Concurrent Cycle 17.581ms
[2024-08-13T17:00:46.253+0330][gc,start      ] GC(3) Pause Young (Normal) (G1 Evacuation Pause)
[2024-08-13T17:00:46.253+0330][gc,task       ] GC(3) Using 10 workers of 10 for evacuation
[2024-08-13T17:00:46.256+0330][gc,phases     ] GC(3)   Pre Evacuate Collection Set: 0.0ms
[2024-08-13T17:00:46.256+0330][gc,phases     ] GC(3)   Evacuate Collection Set: 2.2ms
[2024-08-13T17:00:46.257+0330][gc,phases     ] GC(3)   Post Evacuate Collection Set: 0.6ms
[2024-08-13T17:00:46.257+0330][gc,phases     ] GC(3)   Other: 0.5ms
[2024-08-13T17:00:46.257+0330][gc,heap       ] GC(3) Eden regions: 49->0(46)
[2024-08-13T17:00:46.257+0330][gc,heap       ] GC(3) Survivor regions: 2->5(7)
[2024-08-13T17:00:46.257+0330][gc,heap       ] GC(3) Old regions: 9->9
[2024-08-13T17:00:46.257+0330][gc,heap       ] GC(3) Humongous regions: 129->129
[2024-08-13T17:00:46.257+0330][gc,metaspace  ] GC(3) Metaspace: 28413K(29440K)->28413K(29440K) NonClass: 25213K(25856K)->25213K(25856K) Class: 3199K(3584K)->3199K(3584K)
[2024-08-13T17:00:46.258+0330][gc            ] GC(3) Pause Young (Normal) (G1 Evacuation Pause) 186M->140M(1024M) 4.733ms
[2024-08-13T17:00:46.258+0330][gc,cpu        ] GC(3) User=0.02s Sys=0.00s Real=0.00s
[2024-08-13T17:00:46.702+0330][gc,start      ] GC(4) Pause Young (Concurrent Start) (Metadata GC Threshold)
[2024-08-13T17:00:46.702+0330][gc,task       ] GC(4) Using 10 workers of 10 for evacuation
[2024-08-13T17:00:46.706+0330][gc,phases     ] GC(4)   Pre Evacuate Collection Set: 0.1ms
[2024-08-13T17:00:46.707+0330][gc,phases     ] GC(4)   Evacuate Collection Set: 3.1ms
[2024-08-13T17:00:46.707+0330][gc,phases     ] GC(4)   Post Evacuate Collection Set: 0.7ms
[2024-08-13T17:00:46.707+0330][gc,phases     ] GC(4)   Other: 0.5ms
[2024-08-13T17:00:46.708+0330][gc,heap       ] GC(4) Eden regions: 29->0(45)
[2024-08-13T17:00:46.708+0330][gc,heap       ] GC(4) Survivor regions: 5->6(7)
[2024-08-13T17:00:46.708+0330][gc,heap       ] GC(4) Old regions: 9->9
[2024-08-13T17:00:46.708+0330][gc,heap       ] GC(4) Humongous regions: 129->129
[2024-08-13T17:00:46.708+0330][gc,metaspace  ] GC(4) Metaspace: 34586K(35840K)->34586K(35840K) NonClass: 30669K(31360K)->30669K(31360K) Class: 3917K(4480K)->3917K(4480K)
[2024-08-13T17:00:46.708+0330][gc            ] GC(4) Pause Young (Concurrent Start) (Metadata GC Threshold) 168M->142M(1024M) 6.876ms
[2024-08-13T17:00:46.709+0330][gc,cpu        ] GC(4) User=0.02s Sys=0.00s Real=0.01s
[2024-08-13T17:00:46.709+0330][gc            ] GC(5) Concurrent Cycle
[2024-08-13T17:00:46.709+0330][gc,marking    ] GC(5) Concurrent Clear Claimed Marks
[2024-08-13T17:00:46.709+0330][gc,marking    ] GC(5) Concurrent Clear Claimed Marks 0.432ms
[2024-08-13T17:00:46.710+0330][gc,marking    ] GC(5) Concurrent Scan Root Regions
[2024-08-13T17:00:46.711+0330][gc,marking    ] GC(5) Concurrent Scan Root Regions 1.620ms
[2024-08-13T17:00:46.712+0330][gc,marking    ] GC(5) Concurrent Mark (3.382s)
[2024-08-13T17:00:46.712+0330][gc,marking    ] GC(5) Concurrent Mark From Roots
[2024-08-13T17:00:46.712+0330][gc,task       ] GC(5) Using 3 workers of 3 for marking
[2024-08-13T17:00:46.715+0330][gc,marking    ] GC(5) Concurrent Mark From Roots 3.280ms
[2024-08-13T17:00:46.715+0330][gc,marking    ] GC(5) Concurrent Preclean
[2024-08-13T17:00:46.716+0330][gc,marking    ] GC(5) Concurrent Preclean 0.285ms
[2024-08-13T17:00:46.716+0330][gc,marking    ] GC(5) Concurrent Mark (3.382s, 3.387s) 4.443ms
[2024-08-13T17:00:46.717+0330][gc,start      ] GC(5) Pause Remark
[2024-08-13T17:00:46.720+0330][gc,stringtable] GC(5) Cleaned string and symbol table, strings: 11123 processed, 11 removed, symbols: 81649 processed, 18 removed
[2024-08-13T17:00:46.720+0330][gc            ] GC(5) Pause Remark 143M->143M(1024M) 3.814ms
[2024-08-13T17:00:46.721+0330][gc,cpu        ] GC(5) User=0.03s Sys=0.00s Real=0.00s
[2024-08-13T17:00:46.721+0330][gc,marking    ] GC(5) Concurrent Rebuild Remembered Sets
[2024-08-13T17:00:46.725+0330][gc,marking    ] GC(5) Concurrent Rebuild Remembered Sets 3.877ms
[2024-08-13T17:00:46.725+0330][gc,start      ] GC(5) Pause Cleanup
[2024-08-13T17:00:46.726+0330][gc            ] GC(5) Pause Cleanup 143M->143M(1024M) 0.579ms
[2024-08-13T17:00:46.726+0330][gc,cpu        ] GC(5) User=0.00s Sys=0.00s Real=0.00s
[2024-08-13T17:00:46.726+0330][gc,marking    ] GC(5) Concurrent Cleanup for Next Mark
[2024-08-13T17:00:46.734+0330][gc,marking    ] GC(5) Concurrent Cleanup for Next Mark 7.333ms
[2024-08-13T17:00:46.734+0330][gc            ] GC(5) Concurrent Cycle 25.235ms
[2024-08-13T17:03:56.111+0330][gc,heap,exit  ] Heap
[2024-08-13T17:03:56.111+0330][gc,heap,exit  ]  garbage-first heap   total 1048576K, used 353726K [0x00000000c0000000, 0x0000000100000000)
[2024-08-13T17:03:56.111+0330][gc,heap,exit  ]   region size 1024K, 48 young (49152K), 6 survivors (6144K)
[2024-08-13T17:03:56.111+0330][gc,heap,exit  ]  Metaspace       used 39162K, capacity 41147K, committed 41292K, reserved 1085440K
[2024-08-13T17:03:56.111+0330][gc,heap,exit  ]   class space    used 4717K, capacity 5649K, committed 5708K, reserved 1048576K
