[2024-08-13T15:14:04.884+0330][gc,heap] Heap region size: 1M
[2024-08-13T15:14:04.889+0330][gc     ] Using G1
[2024-08-13T15:14:04.889+0330][gc,heap,coops] Heap address: 0x00000000c0000000, size: 1024 MB, Compressed Oops mode: 32-bit
[2024-08-13T15:14:04.889+0330][gc,cds       ] Mark closed archive regions in map: [0x00000000fff00000, 0x00000000fff6bff8]
[2024-08-13T15:14:04.889+0330][gc,cds       ] Mark open archive regions in map: [0x00000000ffe00000, 0x00000000ffe47ff8]
[2024-08-13T15:14:06.120+0330][gc,start     ] GC(0) Pause Young (Normal) (G1 Evacuation Pause)
[2024-08-13T15:14:06.121+0330][gc,task      ] GC(0) Using 10 workers of 10 for evacuation
[2024-08-13T15:14:06.129+0330][gc,phases    ] GC(0)   Pre Evacuate Collection Set: 0.0ms
[2024-08-13T15:14:06.129+0330][gc,phases    ] GC(0)   Evacuate Collection Set: 6.9ms
[2024-08-13T15:14:06.129+0330][gc,phases    ] GC(0)   Post Evacuate Collection Set: 0.5ms
[2024-08-13T15:14:06.129+0330][gc,phases    ] GC(0)   Other: 1.2ms
[2024-08-13T15:14:06.130+0330][gc,heap      ] GC(0) Eden regions: 51->0(44)
[2024-08-13T15:14:06.130+0330][gc,heap      ] GC(0) Survivor regions: 0->7(7)
[2024-08-13T15:14:06.130+0330][gc,heap      ] GC(0) Old regions: 2->2
[2024-08-13T15:14:06.130+0330][gc,heap      ] GC(0) Humongous regions: 0->0
[2024-08-13T15:14:06.130+0330][gc,metaspace ] GC(0) Metaspace: 15648K(16256K)->15648K(16256K) NonClass: 13731K(14080K)->13731K(14080K) Class: 1917K(2176K)->1917K(2176K)
[2024-08-13T15:14:06.130+0330][gc           ] GC(0) Pause Young (Normal) (G1 Evacuation Pause) 51M->7M(1024M) 9.631ms
[2024-08-13T15:14:06.130+0330][gc,cpu       ] GC(0) User=0.06s Sys=0.01s Real=0.01s
[2024-08-13T15:14:06.506+0330][gc,start     ] GC(1) Pause Young (Concurrent Start) (Metadata GC Threshold)
[2024-08-13T15:14:06.506+0330][gc,task      ] GC(1) Using 10 workers of 10 for evacuation
[2024-08-13T15:14:06.512+0330][gc,phases    ] GC(1)   Pre Evacuate Collection Set: 0.0ms
[2024-08-13T15:14:06.512+0330][gc,phases    ] GC(1)   Evacuate Collection Set: 4.6ms
[2024-08-13T15:14:06.512+0330][gc,phases    ] GC(1)   Post Evacuate Collection Set: 0.4ms
[2024-08-13T15:14:06.512+0330][gc,phases    ] GC(1)   Other: 0.6ms
[2024-08-13T15:14:06.512+0330][gc,heap      ] GC(1) Eden regions: 21->0(49)
[2024-08-13T15:14:06.512+0330][gc,heap      ] GC(1) Survivor regions: 7->2(7)
[2024-08-13T15:14:06.512+0330][gc,heap      ] GC(1) Old regions: 2->9
[2024-08-13T15:14:06.512+0330][gc,heap      ] GC(1) Humongous regions: 0->0
[2024-08-13T15:14:06.512+0330][gc,metaspace ] GC(1) Metaspace: 20562K(21248K)->20562K(21248K) NonClass: 18089K(18432K)->18089K(18432K) Class: 2472K(2816K)->2472K(2816K)
[2024-08-13T15:14:06.513+0330][gc           ] GC(1) Pause Young (Concurrent Start) (Metadata GC Threshold) 27M->8M(1024M) 6.605ms
[2024-08-13T15:14:06.513+0330][gc,cpu       ] GC(1) User=0.03s Sys=0.00s Real=0.01s
[2024-08-13T15:14:06.513+0330][gc           ] GC(2) Concurrent Cycle
[2024-08-13T15:14:06.513+0330][gc,marking   ] GC(2) Concurrent Clear Claimed Marks
[2024-08-13T15:14:06.513+0330][gc,marking   ] GC(2) Concurrent Clear Claimed Marks 0.205ms
[2024-08-13T15:14:06.513+0330][gc,marking   ] GC(2) Concurrent Scan Root Regions
[2024-08-13T15:14:06.515+0330][gc,marking   ] GC(2) Concurrent Scan Root Regions 1.172ms
[2024-08-13T15:14:06.515+0330][gc,marking   ] GC(2) Concurrent Mark (1.666s)
[2024-08-13T15:14:06.515+0330][gc,marking   ] GC(2) Concurrent Mark From Roots
[2024-08-13T15:14:06.515+0330][gc,task      ] GC(2) Using 3 workers of 3 for marking
[2024-08-13T15:14:06.518+0330][gc,marking   ] GC(2) Concurrent Mark From Roots 3.497ms
[2024-08-13T15:14:06.519+0330][gc,marking   ] GC(2) Concurrent Preclean
[2024-08-13T15:14:06.519+0330][gc,marking   ] GC(2) Concurrent Preclean 0.231ms
[2024-08-13T15:14:06.519+0330][gc,marking   ] GC(2) Concurrent Mark (1.666s, 1.670s) 4.278ms
[2024-08-13T15:14:06.520+0330][gc,start     ] GC(2) Pause Remark
[2024-08-13T15:14:06.521+0330][gc,stringtable] GC(2) Cleaned string and symbol table, strings: 5441 processed, 0 removed, symbols: 51667 processed, 45 removed
[2024-08-13T15:14:06.522+0330][gc            ] GC(2) Pause Remark 8M->8M(1024M) 2.234ms
[2024-08-13T15:14:06.522+0330][gc,cpu        ] GC(2) User=0.00s Sys=0.00s Real=0.01s
[2024-08-13T15:14:06.522+0330][gc,marking    ] GC(2) Concurrent Rebuild Remembered Sets
[2024-08-13T15:14:06.525+0330][gc,marking    ] GC(2) Concurrent Rebuild Remembered Sets 2.163ms
[2024-08-13T15:14:06.525+0330][gc,start      ] GC(2) Pause Cleanup
[2024-08-13T15:14:06.525+0330][gc            ] GC(2) Pause Cleanup 8M->8M(1024M) 0.325ms
[2024-08-13T15:14:06.526+0330][gc,cpu        ] GC(2) User=0.00s Sys=0.00s Real=0.00s
[2024-08-13T15:14:06.526+0330][gc,marking    ] GC(2) Concurrent Cleanup for Next Mark
[2024-08-13T15:14:06.528+0330][gc,marking    ] GC(2) Concurrent Cleanup for Next Mark 1.850ms
[2024-08-13T15:14:06.528+0330][gc            ] GC(2) Concurrent Cycle 15.342ms
[2024-08-13T15:14:07.445+0330][gc,start      ] GC(3) Pause Young (Normal) (G1 Evacuation Pause)
[2024-08-13T15:14:07.445+0330][gc,task       ] GC(3) Using 10 workers of 10 for evacuation
[2024-08-13T15:14:07.448+0330][gc,phases     ] GC(3)   Pre Evacuate Collection Set: 0.0ms
[2024-08-13T15:14:07.449+0330][gc,phases     ] GC(3)   Evacuate Collection Set: 2.6ms
[2024-08-13T15:14:07.449+0330][gc,phases     ] GC(3)   Post Evacuate Collection Set: 0.4ms
[2024-08-13T15:14:07.449+0330][gc,phases     ] GC(3)   Other: 0.4ms
[2024-08-13T15:14:07.449+0330][gc,heap       ] GC(3) Eden regions: 49->0(46)
[2024-08-13T15:14:07.449+0330][gc,heap       ] GC(3) Survivor regions: 2->5(7)
[2024-08-13T15:14:07.450+0330][gc,heap       ] GC(3) Old regions: 9->9
[2024-08-13T15:14:07.450+0330][gc,heap       ] GC(3) Humongous regions: 129->129
[2024-08-13T15:14:07.450+0330][gc,metaspace  ] GC(3) Metaspace: 28407K(29568K)->28407K(29568K) NonClass: 25195K(25856K)->25195K(25856K) Class: 3212K(3712K)->3212K(3712K)
[2024-08-13T15:14:07.450+0330][gc            ] GC(3) Pause Young (Normal) (G1 Evacuation Pause) 186M->140M(1024M) 5.144ms
[2024-08-13T15:14:07.450+0330][gc,cpu        ] GC(3) User=0.02s Sys=0.00s Real=0.00s
[2024-08-13T15:14:07.844+0330][gc,start      ] GC(4) Pause Young (Concurrent Start) (Metadata GC Threshold)
[2024-08-13T15:14:07.845+0330][gc,task       ] GC(4) Using 10 workers of 10 for evacuation
[2024-08-13T15:14:07.849+0330][gc,phases     ] GC(4)   Pre Evacuate Collection Set: 0.1ms
[2024-08-13T15:14:07.849+0330][gc,phases     ] GC(4)   Evacuate Collection Set: 2.9ms
[2024-08-13T15:14:07.849+0330][gc,phases     ] GC(4)   Post Evacuate Collection Set: 0.7ms
[2024-08-13T15:14:07.849+0330][gc,phases     ] GC(4)   Other: 0.6ms
[2024-08-13T15:14:07.850+0330][gc,heap       ] GC(4) Eden regions: 28->0(45)
[2024-08-13T15:14:07.850+0330][gc,heap       ] GC(4) Survivor regions: 5->6(7)
[2024-08-13T15:14:07.850+0330][gc,heap       ] GC(4) Old regions: 9->9
[2024-08-13T15:14:07.850+0330][gc,heap       ] GC(4) Humongous regions: 129->129
[2024-08-13T15:14:07.851+0330][gc,metaspace  ] GC(4) Metaspace: 34551K(35840K)->34551K(35840K) NonClass: 30634K(31360K)->30634K(31360K) Class: 3916K(4480K)->3916K(4480K)
[2024-08-13T15:14:07.851+0330][gc            ] GC(4) Pause Young (Concurrent Start) (Metadata GC Threshold) 167M->142M(1024M) 6.331ms
[2024-08-13T15:14:07.851+0330][gc,cpu        ] GC(4) User=0.03s Sys=0.00s Real=0.00s
[2024-08-13T15:14:07.851+0330][gc            ] GC(5) Concurrent Cycle
[2024-08-13T15:14:07.851+0330][gc,marking    ] GC(5) Concurrent Clear Claimed Marks
[2024-08-13T15:14:07.852+0330][gc,marking    ] GC(5) Concurrent Clear Claimed Marks 0.262ms
[2024-08-13T15:14:07.852+0330][gc,marking    ] GC(5) Concurrent Scan Root Regions
[2024-08-13T15:14:07.853+0330][gc,marking    ] GC(5) Concurrent Scan Root Regions 1.390ms
[2024-08-13T15:14:07.853+0330][gc,marking    ] GC(5) Concurrent Mark (3.005s)
[2024-08-13T15:14:07.854+0330][gc,marking    ] GC(5) Concurrent Mark From Roots
[2024-08-13T15:14:07.854+0330][gc,task       ] GC(5) Using 3 workers of 3 for marking
[2024-08-13T15:14:07.857+0330][gc,marking    ] GC(5) Concurrent Mark From Roots 3.649ms
[2024-08-13T15:14:07.858+0330][gc,marking    ] GC(5) Concurrent Preclean
[2024-08-13T15:14:07.858+0330][gc,marking    ] GC(5) Concurrent Preclean 0.307ms
[2024-08-13T15:14:07.858+0330][gc,marking    ] GC(5) Concurrent Mark (3.005s, 3.009s) 4.677ms
[2024-08-13T15:14:07.859+0330][gc,start      ] GC(5) Pause Remark
[2024-08-13T15:14:07.860+0330][gc,stringtable] GC(5) Cleaned string and symbol table, strings: 11114 processed, 11 removed, symbols: 81631 processed, 15 removed
[2024-08-13T15:14:07.861+0330][gc            ] GC(5) Pause Remark 143M->143M(1024M) 2.275ms
[2024-08-13T15:14:07.861+0330][gc,cpu        ] GC(5) User=0.02s Sys=0.00s Real=0.00s
[2024-08-13T15:14:07.861+0330][gc,marking    ] GC(5) Concurrent Rebuild Remembered Sets
[2024-08-13T15:14:07.864+0330][gc,marking    ] GC(5) Concurrent Rebuild Remembered Sets 2.274ms
[2024-08-13T15:14:07.864+0330][gc,start      ] GC(5) Pause Cleanup
[2024-08-13T15:14:07.865+0330][gc            ] GC(5) Pause Cleanup 143M->143M(1024M) 0.408ms
[2024-08-13T15:14:07.865+0330][gc,cpu        ] GC(5) User=0.00s Sys=0.00s Real=0.00s
[2024-08-13T15:14:07.865+0330][gc,marking    ] GC(5) Concurrent Cleanup for Next Mark
[2024-08-13T15:14:07.868+0330][gc,marking    ] GC(5) Concurrent Cleanup for Next Mark 3.358ms
[2024-08-13T15:14:07.869+0330][gc            ] GC(5) Concurrent Cycle 17.466ms
[2024-08-13T15:19:06.505+0330][gc,start      ] GC(6) Pause Young (Normal) (G1 Evacuation Pause)
[2024-08-13T15:19:06.505+0330][gc,task       ] GC(6) Using 10 workers of 10 for evacuation
[2024-08-13T15:19:06.515+0330][gc,phases     ] GC(6)   Pre Evacuate Collection Set: 0.6ms
[2024-08-13T15:19:06.516+0330][gc,phases     ] GC(6)   Evacuate Collection Set: 7.7ms
[2024-08-13T15:19:06.517+0330][gc,phases     ] GC(6)   Post Evacuate Collection Set: 1.4ms
[2024-08-13T15:19:06.517+0330][gc,phases     ] GC(6)   Other: 0.8ms
[2024-08-13T15:19:06.517+0330][gc,heap       ] GC(6) Eden regions: 45->0(46)
[2024-08-13T15:19:06.517+0330][gc,heap       ] GC(6) Survivor regions: 6->5(7)
[2024-08-13T15:19:06.518+0330][gc,heap       ] GC(6) Old regions: 9->12
[2024-08-13T15:19:06.518+0330][gc,heap       ] GC(6) Humongous regions: 279->0
[2024-08-13T15:19:06.518+0330][gc,metaspace  ] GC(6) Metaspace: 39301K(41472K)->39301K(41472K) NonClass: 34613K(35840K)->34613K(35840K) Class: 4688K(5632K)->4688K(5632K)
[2024-08-13T15:19:06.518+0330][gc            ] GC(6) Pause Young (Normal) (G1 Evacuation Pause) 337M->15M(1024M) 13.418ms
[2024-08-13T15:19:06.519+0330][gc,cpu        ] GC(6) User=0.07s Sys=0.01s Real=0.02s
[2024-08-13T15:19:06.535+0330][gc,heap,exit  ] Heap
[2024-08-13T15:19:06.535+0330][gc,heap,exit  ]  garbage-first heap   total 1048576K, used 17456K [0x00000000c0000000, 0x0000000100000000)
[2024-08-13T15:19:06.535+0330][gc,heap,exit  ]   region size 1024K, 8 young (8192K), 5 survivors (5120K)
[2024-08-13T15:19:06.535+0330][gc,heap,exit  ]  Metaspace       used 39325K, capacity 41326K, committed 41472K, reserved 1085440K
[2024-08-13T15:19:06.535+0330][gc,heap,exit  ]   class space    used 4695K, capacity 5622K, committed 5632K, reserved 1048576K
