[2024-08-13T14:00:14.533+0330][gc,heap] Heap region size: 1M
[2024-08-13T14:00:14.537+0330][gc     ] Using G1
[2024-08-13T14:00:14.537+0330][gc,heap,coops] Heap address: 0x00000000e0000000, size: 512 MB, Compressed Oops mode: 32-bit
[2024-08-13T14:00:14.537+0330][gc,cds       ] Mark closed archive regions in map: [0x00000000fff00000, 0x00000000fff6bff8]
[2024-08-13T14:00:14.537+0330][gc,cds       ] Mark open archive regions in map: [0x00000000ffe00000, 0x00000000ffe47ff8]
[2024-08-13T14:00:16.941+0330][gc,start     ] GC(0) Pause Young (Normal) (G1 Evacuation Pause)
[2024-08-13T14:00:16.942+0330][gc,task      ] GC(0) Using 10 workers of 10 for evacuation
[2024-08-13T14:00:16.955+0330][gc,phases    ] GC(0)   Pre Evacuate Collection Set: 0.0ms
[2024-08-13T14:00:16.955+0330][gc,phases    ] GC(0)   Evacuate Collection Set: 6.6ms
[2024-08-13T14:00:16.955+0330][gc,phases    ] GC(0)   Post Evacuate Collection Set: 0.9ms
[2024-08-13T14:00:16.956+0330][gc,phases    ] GC(0)   Other: 6.5ms
[2024-08-13T14:00:16.956+0330][gc,heap      ] GC(0) Eden regions: 25->0(21)
[2024-08-13T14:00:16.956+0330][gc,heap      ] GC(0) Survivor regions: 0->4(4)
[2024-08-13T14:00:16.956+0330][gc,heap      ] GC(0) Old regions: 2->4
[2024-08-13T14:00:16.957+0330][gc,heap      ] GC(0) Humongous regions: 0->0
[2024-08-13T14:00:16.957+0330][gc,metaspace ] GC(0) Metaspace: 7902K(8448K)->7902K(8448K) NonClass: 7021K(7424K)->7021K(7424K) Class: 880K(1024K)->880K(1024K)
[2024-08-13T14:00:16.957+0330][gc           ] GC(0) Pause Young (Normal) (G1 Evacuation Pause) 25M->5M(512M) 16.148ms
[2024-08-13T14:00:16.957+0330][gc,cpu       ] GC(0) User=0.05s Sys=0.01s Real=0.01s
[2024-08-13T14:09:35.483+0330][gc,heap,exit ] Heap
[2024-08-13T14:09:35.483+0330][gc,heap,exit ]  garbage-first heap   total 524288K, used 12257K [0x00000000e0000000, 0x0000000100000000)
[2024-08-13T14:09:35.484+0330][gc,heap,exit ]   region size 1024K, 11 young (11264K), 4 survivors (4096K)
[2024-08-13T14:09:35.484+0330][gc,heap,exit ]  Metaspace       used 8488K, capacity 8778K, committed 8960K, reserved 1056768K
[2024-08-13T14:09:35.485+0330][gc,heap,exit ]   class space    used 908K, capacity 1016K, committed 1024K, reserved 1048576K
