[2024-08-13T15:13:48.256+0330][gc,heap] Heap region size: 1M
[2024-08-13T15:13:48.259+0330][gc     ] Using G1
[2024-08-13T15:13:48.259+0330][gc,heap,coops] Heap address: 0x00000000e0000000, size: 512 MB, Compressed Oops mode: 32-bit
[2024-08-13T15:13:48.259+0330][gc,cds       ] Mark closed archive regions in map: [0x00000000fff00000, 0x00000000fff6bff8]
[2024-08-13T15:13:48.259+0330][gc,cds       ] Mark open archive regions in map: [0x00000000ffe00000, 0x00000000ffe47ff8]
[2024-08-13T15:14:05.954+0330][gc,start     ] GC(0) Pause Young (Normal) (G1 Evacuation Pause)
[2024-08-13T15:14:05.955+0330][gc,task      ] GC(0) Using 10 workers of 10 for evacuation
[2024-08-13T15:14:05.962+0330][gc,phases    ] GC(0)   Pre Evacuate Collection Set: 0.0ms
[2024-08-13T15:14:05.962+0330][gc,phases    ] GC(0)   Evacuate Collection Set: 6.2ms
[2024-08-13T15:14:05.962+0330][gc,phases    ] GC(0)   Post Evacuate Collection Set: 0.4ms
[2024-08-13T15:14:05.963+0330][gc,phases    ] GC(0)   Other: 1.3ms
[2024-08-13T15:14:05.963+0330][gc,heap      ] GC(0) Eden regions: 25->0(21)
[2024-08-13T15:14:05.963+0330][gc,heap      ] GC(0) Survivor regions: 0->4(4)
[2024-08-13T15:14:05.963+0330][gc,heap      ] GC(0) Old regions: 2->4
[2024-08-13T15:14:05.963+0330][gc,heap      ] GC(0) Humongous regions: 0->0
[2024-08-13T15:14:05.963+0330][gc,metaspace ] GC(0) Metaspace: 7920K(8448K)->7920K(8448K) NonClass: 7039K(7424K)->7039K(7424K) Class: 880K(1024K)->880K(1024K)
[2024-08-13T15:14:05.964+0330][gc           ] GC(0) Pause Young (Normal) (G1 Evacuation Pause) 25M->5M(512M) 9.651ms
[2024-08-13T15:14:05.964+0330][gc,cpu       ] GC(0) User=0.06s Sys=0.00s Real=0.01s
[2024-08-13T15:36:30.174+0330][gc,heap,exit ] Heap
[2024-08-13T15:36:30.174+0330][gc,heap,exit ]  garbage-first heap   total 524288K, used 12233K [0x00000000e0000000, 0x0000000100000000)
[2024-08-13T15:36:30.174+0330][gc,heap,exit ]   region size 1024K, 11 young (11264K), 4 survivors (4096K)
[2024-08-13T15:36:30.174+0330][gc,heap,exit ]  Metaspace       used 8468K, capacity 8786K, committed 8960K, reserved 1056768K
[2024-08-13T15:36:30.174+0330][gc,heap,exit ]   class space    used 907K, capacity 1016K, committed 1024K, reserved 1048576K
