[2024-08-13T11:59:27.780+0330][gc,heap] Heap region size: 1M
[2024-08-13T11:59:27.784+0330][gc     ] Using G1
[2024-08-13T11:59:27.784+0330][gc,heap,coops] Heap address: 0x00000000e0000000, size: 512 MB, Compressed Oops mode: 32-bit
[2024-08-13T11:59:27.784+0330][gc,cds       ] Mark closed archive regions in map: [0x00000000fff00000, 0x00000000fff6bff8]
[2024-08-13T11:59:27.784+0330][gc,cds       ] Mark open archive regions in map: [0x00000000ffe00000, 0x00000000ffe47ff8]
[2024-08-13T11:59:29.980+0330][gc,start     ] GC(0) Pause Young (Normal) (G1 Evacuation Pause)
[2024-08-13T11:59:29.984+0330][gc,task      ] GC(0) Using 10 workers of 10 for evacuation
[2024-08-13T11:59:29.996+0330][gc,phases    ] GC(0)   Pre Evacuate Collection Set: 0.0ms
[2024-08-13T11:59:29.996+0330][gc,phases    ] GC(0)   Evacuate Collection Set: 10.1ms
[2024-08-13T11:59:29.997+0330][gc,phases    ] GC(0)   Post Evacuate Collection Set: 0.7ms
[2024-08-13T11:59:29.997+0330][gc,phases    ] GC(0)   Other: 5.2ms
[2024-08-13T11:59:29.997+0330][gc,heap      ] GC(0) Eden regions: 25->0(21)
[2024-08-13T11:59:29.998+0330][gc,heap      ] GC(0) Survivor regions: 0->4(4)
[2024-08-13T11:59:29.998+0330][gc,heap      ] GC(0) Old regions: 2->4
[2024-08-13T11:59:29.998+0330][gc,heap      ] GC(0) Humongous regions: 0->0
[2024-08-13T11:59:29.998+0330][gc,metaspace ] GC(0) Metaspace: 7962K(8448K)->7962K(8448K) NonClass: 7079K(7424K)->7079K(7424K) Class: 883K(1024K)->883K(1024K)
[2024-08-13T11:59:29.998+0330][gc           ] GC(0) Pause Young (Normal) (G1 Evacuation Pause) 25M->6M(512M) 18.678ms
[2024-08-13T11:59:29.999+0330][gc,cpu       ] GC(0) User=0.06s Sys=0.03s Real=0.02s
[2024-08-13T13:52:32.958+0330][gc,heap,exit ] Heap
[2024-08-13T13:52:32.958+0330][gc,heap,exit ]  garbage-first heap   total 524288K, used 15434K [0x00000000e0000000, 0x0000000100000000)
[2024-08-13T13:52:32.959+0330][gc,heap,exit ]   region size 1024K, 14 young (14336K), 4 survivors (4096K)
[2024-08-13T13:52:32.959+0330][gc,heap,exit ]  Metaspace       used 8608K, capacity 8902K, committed 8960K, reserved 1056768K
[2024-08-13T13:52:32.959+0330][gc,heap,exit ]   class space    used 908K, capacity 1016K, committed 1024K, reserved 1048576K
