[2024-08-13T14:45:55.798+0330][gc,heap] Heap region size: 1M
[2024-08-13T14:45:55.801+0330][gc     ] Using G1
[2024-08-13T14:45:55.801+0330][gc,heap,coops] Heap address: 0x00000000e0000000, size: 512 MB, Compressed Oops mode: 32-bit
[2024-08-13T14:45:55.802+0330][gc,cds       ] Mark closed archive regions in map: [0x00000000fff00000, 0x00000000fff6bff8]
[2024-08-13T14:45:55.802+0330][gc,cds       ] Mark open archive regions in map: [0x00000000ffe00000, 0x00000000ffe47ff8]
[2024-08-13T14:45:57.581+0330][gc,start     ] GC(0) Pause Young (Normal) (G1 Evacuation Pause)
[2024-08-13T14:45:57.583+0330][gc,task      ] GC(0) Using 10 workers of 10 for evacuation
[2024-08-13T14:45:57.594+0330][gc,phases    ] GC(0)   Pre Evacuate Collection Set: 0.1ms
[2024-08-13T14:45:57.595+0330][gc,phases    ] GC(0)   Evacuate Collection Set: 10.4ms
[2024-08-13T14:45:57.595+0330][gc,phases    ] GC(0)   Post Evacuate Collection Set: 0.5ms
[2024-08-13T14:45:57.595+0330][gc,phases    ] GC(0)   Other: 1.8ms
[2024-08-13T14:45:57.596+0330][gc,heap      ] GC(0) Eden regions: 25->0(21)
[2024-08-13T14:45:57.596+0330][gc,heap      ] GC(0) Survivor regions: 0->4(4)
[2024-08-13T14:45:57.597+0330][gc,heap      ] GC(0) Old regions: 2->4
[2024-08-13T14:45:57.597+0330][gc,heap      ] GC(0) Humongous regions: 0->0
[2024-08-13T14:45:57.597+0330][gc,metaspace ] GC(0) Metaspace: 7927K(8448K)->7927K(8448K) NonClass: 7045K(7424K)->7045K(7424K) Class: 881K(1024K)->881K(1024K)
[2024-08-13T14:45:57.597+0330][gc           ] GC(0) Pause Young (Normal) (G1 Evacuation Pause) 25M->5M(512M) 16.035ms
[2024-08-13T14:45:57.598+0330][gc,cpu       ] GC(0) User=0.10s Sys=0.00s Real=0.01s
[2024-08-13T15:06:01.623+0330][gc,heap,exit ] Heap
[2024-08-13T15:06:01.629+0330][gc,heap,exit ]  garbage-first heap   total 524288K, used 14307K [0x00000000e0000000, 0x0000000100000000)
[2024-08-13T15:06:01.629+0330][gc,heap,exit ]   region size 1024K, 13 young (13312K), 4 survivors (4096K)
[2024-08-13T15:06:01.629+0330][gc,heap,exit ]  Metaspace       used 8630K, capacity 8918K, committed 9216K, reserved 1056768K
[2024-08-13T15:06:01.629+0330][gc,heap,exit ]   class space    used 908K, capacity 1016K, committed 1024K, reserved 1048576K
